Archive member included because of file (symbol)

/usr/bin/../lib/gcc/arm-none-eabi/4.9.3/armv7e-m/libgcc.a(_arm_addsubdf3.o)
                              ./src/main.o (__aeabi_f2d)
/usr/bin/../lib/gcc/arm-none-eabi/4.9.3/armv7e-m/libgcc.a(_arm_addsubsf3.o)
                              ./src/main.o (__aeabi_i2f)
/usr/bin/../lib/gcc/arm-none-eabi/4.9.3/armv7e-m/libgcc.a(_arm_muldivsf3.o)
                              ./src/main.o (__aeabi_fdiv)
/usr/bin/../lib/gcc/arm-none-eabi/4.9.3/../../../../arm-none-eabi/lib/armv7e-m/libg_nano.a(lib_a-errno.o)
                              ./system/src/newlib/_sbrk.o (__errno)
/usr/bin/../lib/gcc/arm-none-eabi/4.9.3/../../../../arm-none-eabi/lib/armv7e-m/libg_nano.a(lib_a-impure.o)
                              /usr/bin/../lib/gcc/arm-none-eabi/4.9.3/../../../../arm-none-eabi/lib/armv7e-m/libg_nano.a(lib_a-errno.o) (_impure_ptr)
/usr/bin/../lib/gcc/arm-none-eabi/4.9.3/../../../../arm-none-eabi/lib/armv7e-m/libg_nano.a(lib_a-nano-vfprintf_float.o)
                              (_printf_float)
/usr/bin/../lib/gcc/arm-none-eabi/4.9.3/../../../../arm-none-eabi/lib/armv7e-m/libg_nano.a(lib_a-nano-vfprintf_i.o)
                              /usr/bin/../lib/gcc/arm-none-eabi/4.9.3/../../../../arm-none-eabi/lib/armv7e-m/libg_nano.a(lib_a-nano-vfprintf_float.o) (_printf_common)
/usr/bin/../lib/gcc/arm-none-eabi/4.9.3/../../../../arm-none-eabi/lib/armv7e-m/libg_nano.a(lib_a-nano-vfscanf_float.o)
                              (_scanf_float)
/usr/bin/../lib/gcc/arm-none-eabi/4.9.3/../../../../arm-none-eabi/lib/armv7e-m/libg_nano.a(lib_a-printf.o)
                              ./src/main.o (printf)
/usr/bin/../lib/gcc/arm-none-eabi/4.9.3/../../../../arm-none-eabi/lib/armv7e-m/libg_nano.a(lib_a-s_fpclassify.o)
                              /usr/bin/../lib/gcc/arm-none-eabi/4.9.3/../../../../arm-none-eabi/lib/armv7e-m/libg_nano.a(lib_a-nano-vfprintf_float.o) (__fpclassifyd)
/usr/bin/../lib/gcc/arm-none-eabi/4.9.3/../../../../arm-none-eabi/lib/armv7e-m/libg_nano.a(lib_a-sf_nan.o)
                              /usr/bin/../lib/gcc/arm-none-eabi/4.9.3/../../../../arm-none-eabi/lib/armv7e-m/libg_nano.a(lib_a-nano-vfscanf_float.o) (nanf)
/usr/bin/../lib/gcc/arm-none-eabi/4.9.3/../../../../arm-none-eabi/lib/armv7e-m/libg_nano.a(lib_a-sprintf.o)
                              /usr/bin/../lib/gcc/arm-none-eabi/4.9.3/../../../../arm-none-eabi/lib/armv7e-m/libg_nano.a(lib_a-nano-vfscanf_float.o) (sprintf)
/usr/bin/../lib/gcc/arm-none-eabi/4.9.3/../../../../arm-none-eabi/lib/armv7e-m/libg_nano.a(lib_a-strcmp.o)
                              ./system/src/cortexm/exception_handlers.o (strcmp)
/usr/bin/../lib/gcc/arm-none-eabi/4.9.3/../../../../arm-none-eabi/lib/armv7e-m/libg_nano.a(lib_a-strlen.o)
                              ./system/src/diag/Trace.o (strlen)
/usr/bin/../lib/gcc/arm-none-eabi/4.9.3/../../../../arm-none-eabi/lib/armv7e-m/libg_nano.a(lib_a-strtod.o)
                              /usr/bin/../lib/gcc/arm-none-eabi/4.9.3/../../../../arm-none-eabi/lib/armv7e-m/libg_nano.a(lib_a-nano-vfscanf_float.o) (_strtod_r)
/usr/bin/../lib/gcc/arm-none-eabi/4.9.3/../../../../arm-none-eabi/lib/armv7e-m/libg_nano.a(lib_a-strtol.o)
                              /usr/bin/../lib/gcc/arm-none-eabi/4.9.3/../../../../arm-none-eabi/lib/armv7e-m/libg_nano.a(lib_a-nano-vfscanf_float.o) (_strtol_r)
/usr/bin/../lib/gcc/arm-none-eabi/4.9.3/../../../../arm-none-eabi/lib/armv7e-m/libg_nano.a(lib_a-vsnprintf.o)
                              ./system/src/diag/Trace.o (vsnprintf)
/usr/bin/../lib/gcc/arm-none-eabi/4.9.3/../../../../arm-none-eabi/lib/armv7e-m/libg_nano.a(lib_a-ctype_.o)
                              /usr/bin/../lib/gcc/arm-none-eabi/4.9.3/../../../../arm-none-eabi/lib/armv7e-m/libg_nano.a(lib_a-strtol.o) (__ctype_ptr__)
/usr/bin/../lib/gcc/arm-none-eabi/4.9.3/../../../../arm-none-eabi/lib/armv7e-m/libg_nano.a(lib_a-dtoa.o)
                              /usr/bin/../lib/gcc/arm-none-eabi/4.9.3/../../../../arm-none-eabi/lib/armv7e-m/libg_nano.a(lib_a-nano-vfprintf_float.o) (_dtoa_r)
/usr/bin/../lib/gcc/arm-none-eabi/4.9.3/../../../../arm-none-eabi/lib/armv7e-m/libg_nano.a(lib_a-findfp.o)
                              /usr/bin/../lib/gcc/arm-none-eabi/4.9.3/../../../../arm-none-eabi/lib/armv7e-m/libg_nano.a(lib_a-printf.o) (__sinit)
/usr/bin/../lib/gcc/arm-none-eabi/4.9.3/../../../../arm-none-eabi/lib/armv7e-m/libg_nano.a(lib_a-fwalk.o)
                              /usr/bin/../lib/gcc/arm-none-eabi/4.9.3/../../../../arm-none-eabi/lib/armv7e-m/libg_nano.a(lib_a-findfp.o) (_fwalk)
/usr/bin/../lib/gcc/arm-none-eabi/4.9.3/../../../../arm-none-eabi/lib/armv7e-m/libg_nano.a(lib_a-gdtoa-gethex.o)
                              /usr/bin/../lib/gcc/arm-none-eabi/4.9.3/../../../../arm-none-eabi/lib/armv7e-m/libg_nano.a(lib_a-strtod.o) (__gethex)
/usr/bin/../lib/gcc/arm-none-eabi/4.9.3/../../../../arm-none-eabi/lib/armv7e-m/libg_nano.a(lib_a-gdtoa-hexnan.o)
[...]
Memory Configuration

Name             Origin             Length             Attributes
RAM              0x0000000020000000 0x000000000000a000 xrw
CCMRAM           0x0000000010000000 0x0000000000002000 xrw
FLASH            0x0000000008000000 0x0000000000040000 xr
FLASHB1          0x0000000000000000 0x0000000000000000 xr
EXTMEMB0         0x0000000000000000 0x0000000000000000 xr
EXTMEMB1         0x0000000000000000 0x0000000000000000 xr
EXTMEMB2         0x0000000000000000 0x0000000000000000 xr
EXTMEMB3         0x0000000000000000 0x0000000000000000 xr
MEMORY_ARRAY     0x0000000020002000 0x0000000000000000 xrw
*default*        0x0000000000000000 0xffffffffffffffff

Linker script and memory map

LOAD /usr/bin/../lib/gcc/arm-none-eabi/4.9.3/../../../../arm-none-eabi/lib/armv7e-m/librdimon_nano.a
LOAD ./system/src/stm32f3-stdperiph/stm32f30x_exti.o
LOAD ./system/src/stm32f3-stdperiph/stm32f30x_gpio.o
LOAD ./system/src/stm32f3-stdperiph/stm32f30x_i2c.o
LOAD ./system/src/stm32f3-stdperiph/stm32f30x_misc.o
LOAD ./system/src/stm32f3-stdperiph/stm32f30x_rcc.o
LOAD ./system/src/stm32f3-stdperiph/stm32f30x_syscfg.o
LOAD ./system/src/newlib/_cxx.o
LOAD ./system/src/newlib/_exit.o
LOAD ./system/src/newlib/_sbrk.o
LOAD ./system/src/newlib/_startup.o
LOAD ./system/src/newlib/_syscalls.o
LOAD ./system/src/newlib/assert.o
LOAD ./system/src/diag/Trace.o
LOAD ./system/src/diag/trace_impl.o
LOAD ./system/src/cortexm/_initialize_hardware.o
LOAD ./system/src/cortexm/_reset_hardware.o
LOAD ./system/src/cortexm/exception_handlers.o
LOAD ./system/src/cmsis/system_stm32f30x.o
LOAD ./system/src/cmsis/vectors_stm32f30x.o
LOAD ./src/_write.o
LOAD ./src/common.o
LOAD ./src/main.o
LOAD ./src/stm32f30x_it.o
LOAD ./src/stm32f3_discovery.o
LOAD ./src/stm32f3_discovery_l3gd20.o
LOAD ./src/stm32f3_discovery_lsm303dlhc.o
LOAD /usr/bin/../lib/gcc/arm-none-eabi/4.9.3/../../../../arm-none-eabi/lib/armv7e-m/libstdc++_nano.a
LOAD /usr/bin/../lib/gcc/arm-none-eabi/4.9.3/../../../../arm-none-eabi/lib/armv7e-m/libm.a
START GROUP
LOAD /usr/bin/../lib/gcc/arm-none-eabi/4.9.3/armv7e-m/libgcc.a
LOAD /usr/bin/../lib/gcc/arm-none-eabi/4.9.3/../../../../arm-none-eabi/lib/armv7e-m/libg_nano.a
LOAD /usr/bin/../lib/gcc/arm-none-eabi/4.9.3/../../../../arm-none-eabi/lib/armv7e-m/libc_nano.a
END GROUP
START GROUP
LOAD /usr/bin/../lib/gcc/arm-none-eabi/4.9.3/armv7e-m/libgcc.a
LOAD /usr/bin/../lib/gcc/arm-none-eabi/4.9.3/../../../../arm-none-eabi/lib/armv7e-m/libc_nano.a
LOAD /usr/bin/../lib/gcc/arm-none-eabi/4.9.3/../../../../arm-none-eabi/lib/armv7e-m/librdimon_nano.a
END GROUP
START GROUP
LOAD /usr/bin/../lib/gcc/arm-none-eabi/4.9.3/armv7e-m/libgcc.a
LOAD /usr/bin/../lib/gcc/arm-none-eabi/4.9.3/../../../../arm-none-eabi/lib/armv7e-m/libc_nano.a
LOAD /usr/bin/../lib/gcc/arm-none-eabi/4.9.3/../../../../arm-none-eabi/lib/armv7e-m/librdimon_nano.a
END GROUP
                0x000000002000a000                __stack = (ORIGIN (RAM) + 0xa000)
                0x000000002000a000                _estack = __stack
                0x0000000000000400                __Main_Stack_Size = 0x400
                0x0000000000000400                PROVIDE (_Main_Stack_Size, __Main_Stack_Size)
                0x0000000020009c00                __Main_Stack_Limit = (__stack - __Main_Stack_Size)
                0x0000000020009c00                PROVIDE (_Main_Stack_Limit, __Main_Stack_Limit)
                0x0000000000000100                _Minimum_Stack_Size = 0x100
                0x0000000020000234                PROVIDE (_Heap_Begin, _end_noinit)
                0x0000000020009c00                PROVIDE (_Heap_Limit, (__stack - __Main_Stack_Size))

.isr_vector     0x0000000008000000      0x3ec
 FILL mask 0xff
                0x0000000008000000                __vectors_start__ = ABSOLUTE (.)
 *(.isr_vector)
 .isr_vector    0x0000000008000000      0x188 ./system/src/cmsis/vectors_stm32f30x.o
                0x0000000008000000                __isr_vectors
 *(.cfmconfig)
 *(.after_vectors .after_vectors.*)
 .after_vectors
                0x0000000008000188      0x130 ./system/src/newlib/_startup.o
                0x0000000008000188                _start
 .after_vectors
                0x00000000080002b8      0x130 ./system/src/cortexm/exception_handlers.o
                0x00000000080002b8                Reset_Handler
                0x00000000080002d8                HardFault_Handler_C
                0x0000000008000350                BusFault_Handler_C
                0x0000000008000398                UsageFault_Handler_C
 .after_vectors
                0x00000000080003e8        0x4 ./system/src/cmsis/vectors_stm32f30x.o
                0x00000000080003e8                RTC_Alarm_IRQHandler
                0x00000000080003e8                TIM8_TRG_COM_IRQHandler
                0x00000000080003e8                TIM8_CC_IRQHandler
                0x00000000080003e8                TIM1_CC_IRQHandler
                0x00000000080003e8                USB_HP_IRQHandler
                0x00000000080003e8                PVD_IRQHandler
                0x00000000080003e8                EXTI3_IRQHandler
                0x00000000080003e8                I2C2_EV_IRQHandler
                0x00000000080003e8                FPU_IRQHandler
                0x00000000080003e8                EXTI2_TS_IRQHandler
                0x00000000080003e8                TIM1_UP_TIM16_IRQHandler
                0x00000000080003e8                ADC1_2_IRQHandler
                0x00000000080003e8                SPI1_IRQHandler
                0x00000000080003e8                TIM6_DAC_IRQHandler
                0x00000000080003e8                TIM8_UP_IRQHandler
                0x00000000080003e8                DMA2_Channel2_IRQHandler
                0x00000000080003e8                DMA1_Channel4_IRQHandler
                0x00000000080003e8                USART3_IRQHandler
                0x00000000080003e8                DMA1_Channel7_IRQHandler
                0x00000000080003e8                CAN1_RX1_IRQHandler
                0x00000000080003e8                UART5_IRQHandler
                0x00000000080003e8                ADC3_IRQHandler
                0x00000000080003e8                TIM4_IRQHandler
                0x00000000080003e8                DMA2_Channel1_IRQHandler
                0x00000000080003e8                I2C1_EV_IRQHandler
                0x00000000080003e8                DMA1_Channel6_IRQHandler
                0x00000000080003e8                UART4_IRQHandler
                0x00000000080003e8                DMA2_Channel4_IRQHandler
                0x00000000080003e8                TIM3_IRQHandler
                0x00000000080003e8                RCC_IRQHandler
                0x00000000080003e8                DMA1_Channel1_IRQHandler
                0x00000000080003e8                Default_Handler
                0x00000000080003e8                USBWakeUp_RMP_IRQHandler
                0x00000000080003e8                EXTI15_10_IRQHandler
                0x00000000080003e8                TIM7_IRQHandler
                0x00000000080003e8                EXTI9_5_IRQHandler
                0x00000000080003e8                TAMPER_STAMP_IRQHandler
                0x00000000080003e8                RTC_WKUP_IRQHandler
                0x00000000080003e8                SPI2_IRQHandler
                0x00000000080003e8                DMA2_Channel5_IRQHandler
                0x00000000080003e8                DMA1_Channel5_IRQHandler
                0x00000000080003e8                USB_LP_IRQHandler
                0x00000000080003e8                EXTI4_IRQHandler
                0x00000000080003e8                USB_LP_CAN1_RX0_IRQHandler
                0x00000000080003e8                TIM1_TRG_COM_TIM17_IRQHandler
                0x00000000080003e8                USB_HP_CAN1_TX_IRQHandler
                0x00000000080003e8                DMA1_Channel3_IRQHandler
                0x00000000080003e8                ADC4_IRQHandler
                0x00000000080003e8                WWDG_IRQHandler
                0x00000000080003e8                TIM2_IRQHandler
                0x00000000080003e8                COMP7_IRQHandler
                0x00000000080003e8                COMP1_2_3_IRQHandler
                0x00000000080003e8                EXTI1_IRQHandler
                0x00000000080003e8                USART2_IRQHandler
                0x00000000080003e8                COMP4_5_6_IRQHandler
                0x00000000080003e8                I2C2_ER_IRQHandler
                0x00000000080003e8                DMA1_Channel2_IRQHandler
                0x00000000080003e8                TIM8_BRK_IRQHandler
                0x00000000080003e8                CAN1_SCE_IRQHandler
                0x00000000080003e8                FLASH_IRQHandler
                0x00000000080003e8                USART1_IRQHandler
                0x00000000080003e8                SPI3_IRQHandler
                0x00000000080003e8                I2C1_ER_IRQHandler
                0x00000000080003e8                USBWakeUp_IRQHandler
                0x00000000080003e8                DMA2_Channel3_IRQHandler
                0x00000000080003e8                TIM1_BRK_TIM15_IRQHandler

.inits          0x00000000080003ec       0x28
                0x00000000080003ec                __data_regions_array_start = .
                0x00000000080003ec        0x4 LONG 0x8007528 LOADADDR (.data)
                0x00000000080003f0        0x4 LONG 0x20000000 ADDR (.data)
                0x00000000080003f4        0x4 LONG 0x200000ec (ADDR (.data) + SIZEOF (.data))
                0x00000000080003f8        0x4 LONG 0x8007528 LOADADDR (.data_CCMRAM)
                0x00000000080003fc        0x4 LONG 0x10000000 ADDR (.data_CCMRAM)
                0x0000000008000400        0x4 LONG 0x10000000 (ADDR (.data_CCMRAM) + SIZEOF (.data_CCMRAM))
                0x0000000008000404                __data_regions_array_end = .
                0x0000000008000404                __bss_regions_array_start = .
                0x0000000008000404        0x4 LONG 0x200000ec ADDR (.bss)
                0x0000000008000408        0x4 LONG 0x20000234 (ADDR (.bss) + SIZEOF (.bss))
                0x000000000800040c        0x4 LONG 0x10000000 ADDR (.bss_CCMRAM)
                0x0000000008000410        0x4 LONG 0x10000000 (ADDR (.bss_CCMRAM) + SIZEOF (.bss_CCMRAM))
                0x0000000008000414                __bss_regions_array_end = .
 *(.init)
 *(.fini)
                0x0000000008000414                . = ALIGN (0x4)
                0x0000000008000414                PROVIDE (__preinit_array_start, .)
 *(.preinit_array_sysinit .preinit_array_sysinit.*)
 *(.preinit_array_platform .preinit_array_platform.*)
 *(.preinit_array .preinit_array.*)
                0x0000000008000414                PROVIDE (__preinit_array_end, .)
                0x0000000008000414                . = ALIGN (0x4)
                0x0000000008000414                PROVIDE (__init_array_start, .)
 *(SORT(.init_array.*))
 *(.init_array)
                0x0000000008000414                PROVIDE (__init_array_end, .)
                0x0000000008000414                . = ALIGN (0x4)
                0x0000000008000414                PROVIDE (__fini_array_start, .)
 *(SORT(.fini_array.*))
 *(.fini_array)
                0x0000000008000414                PROVIDE (__fini_array_end, .)

.flashtext
 *(.flashtext .flashtext.*)

.text           0x0000000008000418     0x7110
 *(.text .text.*)
 .text.EXTI_Init
                0x0000000008000418      0x158 ./system/src/stm32f3-stdperiph/stm32f30x_exti.o
                0x0000000008000418                EXTI_Init
 .text.EXTI_GetITStatus
                0x0000000008000570       0x60 ./system/src/stm32f3-stdperiph/stm32f30x_exti.o
                0x0000000008000570                EXTI_GetITStatus
 .text.EXTI_ClearITPendingBit
                0x00000000080005d0       0x34 ./system/src/stm32f3-stdperiph/stm32f30x_exti.o
                0x00000000080005d0                EXTI_ClearITPendingBit
 .text.GPIO_Init
                0x0000000008000604      0x114 ./system/src/stm32f3-stdperiph/stm32f30x_gpio.o
                0x0000000008000604                GPIO_Init
 .text.GPIO_ReadInputDataBit
                0x0000000008000718       0xac ./system/src/stm32f3-stdperiph/stm32f30x_gpio.o
                0x0000000008000718                GPIO_ReadInputDataBit
 .text.GPIO_PinAFConfig
                0x00000000080007c4       0x94 ./system/src/stm32f3-stdperiph/stm32f30x_gpio.o
                0x00000000080007c4                GPIO_PinAFConfig
 .text.I2C_Init
                0x0000000008000858       0xf0 ./system/src/stm32f3-stdperiph/stm32f30x_i2c.o
                0x0000000008000858                I2C_Init
 .text.I2C_Cmd  0x0000000008000948       0x4c ./system/src/stm32f3-stdperiph/stm32f30x_i2c.o
                0x0000000008000948                I2C_Cmd
 .text.I2C_TransferHandling
                0x0000000008000994       0x9c ./system/src/stm32f3-stdperiph/stm32f30x_i2c.o
                0x0000000008000994                I2C_TransferHandling
 .text.I2C_SendData
                0x0000000008000a30       0x2c ./system/src/stm32f3-stdperiph/stm32f30x_i2c.o
                0x0000000008000a30                I2C_SendData
 .text.I2C_ReceiveData
                0x0000000008000a5c       0x2c ./system/src/stm32f3-stdperiph/stm32f30x_i2c.o
                0x0000000008000a5c                I2C_ReceiveData
 .text.I2C_GetFlagStatus
                0x0000000008000a88       0x88 ./system/src/stm32f3-stdperiph/stm32f30x_i2c.o
                0x0000000008000a88                I2C_GetFlagStatus
 .text.I2C_ClearFlag
                0x0000000008000b10       0x40 ./system/src/stm32f3-stdperiph/stm32f30x_i2c.o
                0x0000000008000b10                I2C_ClearFlag
 .text.NVIC_Init
                0x0000000008000b50       0x98 ./system/src/stm32f3-stdperiph/stm32f30x_misc.o
                0x0000000008000b50                NVIC_Init
 .text.RCC_AHBPeriphClockCmd
                0x0000000008000be8       0x4c ./system/src/stm32f3-stdperiph/stm32f30x_rcc.o
                0x0000000008000be8                RCC_AHBPeriphClockCmd
 .text.RCC_APB2PeriphClockCmd
                0x0000000008000c34       0x4c ./system/src/stm32f3-stdperiph/stm32f30x_rcc.o
                0x0000000008000c34                RCC_APB2PeriphClockCmd
 .text.RCC_APB1PeriphClockCmd
                0x0000000008000c80       0x4c ./system/src/stm32f3-stdperiph/stm32f30x_rcc.o
                0x0000000008000c80                RCC_APB1PeriphClockCmd
 .text.SYSCFG_EXTILineConfig
                0x0000000008000ccc       0x54 ./system/src/stm32f3-stdperiph/stm32f30x_syscfg.o
                0x0000000008000ccc                SYSCFG_EXTILineConfig
 .text._exit    0x0000000008000d20        0x4 ./system/src/newlib/_exit.o
                0x0000000008000d20                _exit
 .text.abort    0x0000000008000d24       0x14 ./system/src/newlib/_exit.o
                0x0000000008000d24                abort
 .text._sbrk    0x0000000008000d38       0x44 ./system/src/newlib/_sbrk.o
                0x0000000008000d38                _sbrk
 .text.__initialize_args
                0x0000000008000d7c       0x10 ./system/src/newlib/_syscalls.o
                0x0000000008000d7c                __initialize_args
 .text.assert_failed
                0x0000000008000d8c       0x18 ./system/src/newlib/assert.o
                0x0000000008000d8c                assert_failed
 .text.trace_printf
                0x0000000008000da4       0x34 ./system/src/diag/Trace.o
                0x0000000008000da4                trace_printf
 .text.trace_puts
                0x0000000008000dd8       0x20 ./system/src/diag/Trace.o
                0x0000000008000dd8                trace_puts
 .text._trace_write_semihosting_stdout
                0x0000000008000df8       0x70 ./system/src/diag/trace_impl.o
 .text.trace_write
                0x0000000008000e68        0x8 ./system/src/diag/trace_impl.o
                0x0000000008000e68                trace_write
 .text.__initialize_hardware_early
                0x0000000008000e70        0x8 ./system/src/cortexm/_initialize_hardware.o
                0x0000000008000e70                __initialize_hardware_early
 .text.__initialize_hardware
                0x0000000008000e78        0x8 ./system/src/cortexm/_initialize_hardware.o
                0x0000000008000e78                __initialize_hardware
 .text.dumpExceptionStack
                0x0000000008000e80       0xf0 ./system/src/cortexm/exception_handlers.o
                0x0000000008000e80                dumpExceptionStack
 .text.isSemihosting
                0x0000000008000f70       0x78 ./system/src/cortexm/exception_handlers.o
                0x0000000008000f70                isSemihosting
 .text.SetSysClock
                0x0000000008000fe8       0xb0 ./system/src/cmsis/system_stm32f30x.o
 .text.SystemInit
                0x0000000008001098       0x64 ./system/src/cmsis/system_stm32f30x.o
                0x0000000008001098                SystemInit
 .text.SystemCoreClockUpdate
                0x00000000080010fc       0x8c ./system/src/cmsis/system_stm32f30x.o
                0x00000000080010fc                SystemCoreClockUpdate
 .text.SysTick_Handler
                0x0000000008001188       0x14 ./src/common.o
                0x0000000008001188                SysTick_Handler
 .text.EXTI0_Config
                0x000000000800119c       0x6c ./src/main.o
                0x000000000800119c                EXTI0_Config
 .text.Acc_Config
                0x0000000008001208       0x50 ./src/main.o
                0x0000000008001208                Acc_Config
 .text.Acc_ReadData
                0x0000000008001258      0x104 ./src/main.o
                0x0000000008001258                Acc_ReadData
 .text.main     0x000000000800135c       0xa0 ./src/main.o
                0x000000000800135c                main
 .text.NMI_Handler
                0x00000000080013fc        0x4 ./src/stm32f30x_it.o
                0x00000000080013fc                NMI_Handler
 .text.HardFault_Handler
                0x0000000008001400        0x4 ./src/stm32f30x_it.o
                0x0000000008001400                HardFault_Handler
 .text.MemManage_Handler
                0x0000000008001404        0x4 ./src/stm32f30x_it.o
                0x0000000008001404                MemManage_Handler
 .text.BusFault_Handler
                0x0000000008001408        0x4 ./src/stm32f30x_it.o
                0x0000000008001408                BusFault_Handler
 .text.UsageFault_Handler
                0x000000000800140c        0x4 ./src/stm32f30x_it.o
                0x000000000800140c                UsageFault_Handler
 .text.SVC_Handler
                0x0000000008001410        0x4 ./src/stm32f30x_it.o
                0x0000000008001410                SVC_Handler
 .text.DebugMon_Handler
                0x0000000008001414        0x4 ./src/stm32f30x_it.o
                0x0000000008001414                DebugMon_Handler
 .text.PendSV_Handler
                0x0000000008001418        0x4 ./src/stm32f30x_it.o
                0x0000000008001418                PendSV_Handler
 .text.EXTI0_IRQHandler
                0x000000000800141c       0x58 ./src/stm32f30x_it.o
                0x000000000800141c                EXTI0_IRQHandler
 .text.STM_EVAL_LEDInit
                0x0000000008001474       0x4c ./src/stm32f3_discovery.o
                0x0000000008001474                STM_EVAL_LEDInit
 .text.STM_EVAL_LEDToggle
                0x00000000080014c0       0x20 ./src/stm32f3_discovery.o
                0x00000000080014c0                STM_EVAL_LEDToggle
 .text.STM_EVAL_PBGetState
                0x00000000080014e0       0x14 ./src/stm32f3_discovery.o
                0x00000000080014e0                STM_EVAL_PBGetState
 .text.LSM303DLHC_LowLevel_Init
                0x00000000080014f4      0x128 ./src/stm32f3_discovery_lsm303dlhc.o
 .text.LSM303DLHC_TIMEOUT_UserCallback
                0x000000000800161c        0x4 ./src/stm32f3_discovery_lsm303dlhc.o
                0x000000000800161c                LSM303DLHC_TIMEOUT_UserCallback
 .text.LSM303DLHC_Write
                0x0000000008001620      0x110 ./src/stm32f3_discovery_lsm303dlhc.o
                0x0000000008001620                LSM303DLHC_Write
 .text.LSM303DLHC_AccInit
                0x0000000008001730       0x5c ./src/stm32f3_discovery_lsm303dlhc.o
                0x0000000008001730                LSM303DLHC_AccInit
 .text.LSM303DLHC_Read
                0x000000000800178c      0x124 ./src/stm32f3_discovery_lsm303dlhc.o
                0x000000000800178c                LSM303DLHC_Read
 .text.LSM303DLHC_AccFilterConfig
                0x00000000080018b0       0x44 ./src/stm32f3_discovery_lsm303dlhc.o
                0x00000000080018b0                LSM303DLHC_AccFilterConfig
 .text          0x00000000080018f4      0x370 /usr/bin/../lib/gcc/arm-none-eabi/4.9.3/armv7e-m/libgcc.a(_arm_addsubdf3.o)
                0x00000000080018f4                __aeabi_drsub
                0x00000000080018fc                __aeabi_dsub
                0x00000000080018fc                __subdf3
                0x0000000008001900                __adddf3
                0x0000000008001900                __aeabi_dadd
                0x0000000008001b78                __aeabi_ui2d
                0x0000000008001b78                __floatunsidf
                0x0000000008001b98                __floatsidf
                0x0000000008001b98                __aeabi_i2d
                0x0000000008001bbc                __extendsfdf2
                0x0000000008001bbc                __aeabi_f2d
                0x0000000008001bf8                __aeabi_ul2d
                0x0000000008001bf8                __floatundidf
                0x0000000008001c08                __floatdidf
                0x0000000008001c08                __aeabi_l2d
 .text          0x0000000008001c64      0x21c /usr/bin/../lib/gcc/arm-none-eabi/4.9.3/armv7e-m/libgcc.a(_arm_addsubsf3.o)
                0x0000000008001c64                __aeabi_frsub
                0x0000000008001c6c                __subsf3
                0x0000000008001c6c                __aeabi_fsub
                0x0000000008001c70                __aeabi_fadd
                0x0000000008001c70                __addsf3
                0x0000000008001dd0                __aeabi_ui2f
                0x0000000008001dd0                __floatunsisf
                0x0000000008001dd8                __aeabi_i2f
                0x0000000008001dd8                __floatsisf
                0x0000000008001df4                __floatundisf
                0x0000000008001df4                __aeabi_ul2f
                0x0000000008001e04                __floatdisf
                0x0000000008001e04                __aeabi_l2f
 .text          0x0000000008001e80      0x2a0 /usr/bin/../lib/gcc/arm-none-eabi/4.9.3/armv7e-m/libgcc.a(_arm_muldivsf3.o)
                0x0000000008001e80                __mulsf3
                0x0000000008001e80                __aeabi_fmul
                0x0000000008001fe8                __divsf3
                0x0000000008001fe8                __aeabi_fdiv
 .text.__errno  0x0000000008002120        0xc /usr/bin/../lib/gcc/arm-none-eabi/4.9.3/../../../../arm-none-eabi/lib/armv7e-m/libg_nano.a(lib_a-errno.o)
                0x0000000008002120                __errno
 .text.__cvt    0x000000000800212c       0xbc /usr/bin/../lib/gcc/arm-none-eabi/4.9.3/../../../../arm-none-eabi/lib/armv7e-m/libg_nano.a(lib_a-nano-vfprintf_float.o)
                0x000000000800212c                __cvt
 .text.__exponent
                0x00000000080021e8       0x60 /usr/bin/../lib/gcc/arm-none-eabi/4.9.3/../../../../arm-none-eabi/lib/armv7e-m/libg_nano.a(lib_a-nano-vfprintf_float.o)
                0x00000000080021e8                __exponent
 .text._printf_float
                0x0000000008002248      0x48c /usr/bin/../lib/gcc/arm-none-eabi/4.9.3/../../../../arm-none-eabi/lib/armv7e-m/libg_nano.a(lib_a-nano-vfprintf_float.o)
                0x0000000008002248                _printf_float
 .text._printf_common
                0x00000000080026d4       0xea /usr/bin/../lib/gcc/arm-none-eabi/4.9.3/../../../../arm-none-eabi/lib/armv7e-m/libg_nano.a(lib_a-nano-vfprintf_i.o)
                0x00000000080026d4                _printf_common
 *fill*         0x00000000080027be        0x2 
 .text._printf_i
                0x00000000080027c0      0x240 /usr/bin/../lib/gcc/arm-none-eabi/4.9.3/../../../../arm-none-eabi/lib/armv7e-m/libg_nano.a(lib_a-nano-vfprintf_i.o)
                0x00000000080027c0                _printf_i
 .text._scanf_float
                0x0000000008002a00      0x3cc /usr/bin/../lib/gcc/arm-none-eabi/4.9.3/../../../../arm-none-eabi/lib/armv7e-m/libg_nano.a(lib_a-nano-vfscanf_float.o)
                0x0000000008002a00                _scanf_float
 .text.printf   0x0000000008002dcc       0x30 /usr/bin/../lib/gcc/arm-none-eabi/4.9.3/../../../../arm-none-eabi/lib/armv7e-m/libg_nano.a(lib_a-printf.o)
                0x0000000008002dcc                printf
                0x0000000008002dcc                iprintf
 .text.__fpclassifyd
                0x0000000008002dfc       0x50 /usr/bin/../lib/gcc/arm-none-eabi/4.9.3/../../../../arm-none-eabi/lib/armv7e-m/libg_nano.a(lib_a-s_fpclassify.o)
                0x0000000008002dfc                __fpclassifyd
 .text.nanf     0x0000000008002e4c        0x8 /usr/bin/../lib/gcc/arm-none-eabi/4.9.3/../../../../arm-none-eabi/lib/armv7e-m/libg_nano.a(lib_a-sf_nan.o)
                0x0000000008002e4c                nanf
 .text.sprintf  0x0000000008002e54       0x48 /usr/bin/../lib/gcc/arm-none-eabi/4.9.3/../../../../arm-none-eabi/lib/armv7e-m/libg_nano.a(lib_a-sprintf.o)
                0x0000000008002e54                sprintf
                0x0000000008002e54                siprintf
 .text          0x0000000008002e9c       0x14 /usr/bin/../lib/gcc/arm-none-eabi/4.9.3/../../../../arm-none-eabi/lib/armv7e-m/libg_nano.a(lib_a-strcmp.o)
                0x0000000008002e9c                strcmp
 .text.strlen   0x0000000008002eb0       0x10 /usr/bin/../lib/gcc/arm-none-eabi/4.9.3/../../../../arm-none-eabi/lib/armv7e-m/libg_nano.a(lib_a-strlen.o)
                0x0000000008002eb0                strlen
 .text.match    0x0000000008002ec0       0x26 /usr/bin/../lib/gcc/arm-none-eabi/4.9.3/../../../../arm-none-eabi/lib/armv7e-m/libg_nano.a(lib_a-strtod.o)
 .text.sulp     0x0000000008002ee6       0x42 /usr/bin/../lib/gcc/arm-none-eabi/4.9.3/../../../../arm-none-eabi/lib/armv7e-m/libg_nano.a(lib_a-strtod.o)
 .text._strtod_r
                0x0000000008002f28      0xc3c /usr/bin/../lib/gcc/arm-none-eabi/4.9.3/../../../../arm-none-eabi/lib/armv7e-m/libg_nano.a(lib_a-strtod.o)
                0x0000000008002f28                _strtod_r
 .text._strtol_r
                0x0000000008003b64      0x10c /usr/bin/../lib/gcc/arm-none-eabi/4.9.3/../../../../arm-none-eabi/lib/armv7e-m/libg_nano.a(lib_a-strtol.o)
                0x0000000008003b64                _strtol_r
 .text._vsnprintf_r
                0x0000000008003c70       0x52 /usr/bin/../lib/gcc/arm-none-eabi/4.9.3/../../../../arm-none-eabi/lib/armv7e-m/libg_nano.a(lib_a-vsnprintf.o)
                0x0000000008003c70                _vsnprintf_r
                0x0000000008003c70                _vsniprintf_r
 *fill*         0x0000000008003cc2        0x2 
 .text.vsnprintf
                0x0000000008003cc4       0x20 /usr/bin/../lib/gcc/arm-none-eabi/4.9.3/../../../../arm-none-eabi/lib/armv7e-m/libg_nano.a(lib_a-vsnprintf.o)
                0x0000000008003cc4                vsnprintf
                0x0000000008003cc4                vsniprintf
 .text.quorem   0x0000000008003ce4      0x11a /usr/bin/../lib/gcc/arm-none-eabi/4.9.3/../../../../arm-none-eabi/lib/armv7e-m/libg_nano.a(lib_a-dtoa.o)
 *fill*         0x0000000008003dfe        0x2 
 .text._dtoa_r  0x0000000008003e00      0xb80 /usr/bin/../lib/gcc/arm-none-eabi/4.9.3/../../../../arm-none-eabi/lib/armv7e-m/libg_nano.a(lib_a-dtoa.o)
                0x0000000008003e00                _dtoa_r
 .text._cleanup_r
                0x0000000008004980        0xc /usr/bin/../lib/gcc/arm-none-eabi/4.9.3/../../../../arm-none-eabi/lib/armv7e-m/libg_nano.a(lib_a-findfp.o)
                0x0000000008004980                _cleanup_r
 .text.std.isra.0
                0x000000000800498c       0x48 /usr/bin/../lib/gcc/arm-none-eabi/4.9.3/../../../../arm-none-eabi/lib/armv7e-m/libg_nano.a(lib_a-findfp.o)
 .text.__sfmoreglue
                0x00000000080049d4       0x2c /usr/bin/../lib/gcc/arm-none-eabi/4.9.3/../../../../arm-none-eabi/lib/armv7e-m/libg_nano.a(lib_a-findfp.o)
                0x00000000080049d4                __sfmoreglue
 .text.__sinit  0x0000000008004a00       0x60 /usr/bin/../lib/gcc/arm-none-eabi/4.9.3/../../../../arm-none-eabi/lib/armv7e-m/libg_nano.a(lib_a-findfp.o)
                0x0000000008004a00                __sinit
 .text.__sfp    0x0000000008004a60       0x74 /usr/bin/../lib/gcc/arm-none-eabi/4.9.3/../../../../arm-none-eabi/lib/armv7e-m/libg_nano.a(lib_a-findfp.o)
                0x0000000008004a60                __sfp
 .text._fwalk_reent
                0x0000000008004ad4       0x3c /usr/bin/../lib/gcc/arm-none-eabi/4.9.3/../../../../arm-none-eabi/lib/armv7e-m/libg_nano.a(lib_a-fwalk.o)
                0x0000000008004ad4                _fwalk_reent
 .text.rshift   0x0000000008004b10       0x6c /usr/bin/../lib/gcc/arm-none-eabi/4.9.3/../../../../arm-none-eabi/lib/armv7e-m/libg_nano.a(lib_a-gdtoa-gethex.o)
 .text.__hexdig_fun
                0x0000000008004b7c       0x2a /usr/bin/../lib/gcc/arm-none-eabi/4.9.3/../../../../arm-none-eabi/lib/armv7e-m/libg_nano.a(lib_a-gdtoa-gethex.o)
                0x0000000008004b7c                __hexdig_fun
 .text.__gethex
                0x0000000008004ba6      0x44a /usr/bin/../lib/gcc/arm-none-eabi/4.9.3/../../../../arm-none-eabi/lib/armv7e-m/libg_nano.a(lib_a-gdtoa-gethex.o)
                0x0000000008004ba6                __gethex
 .text.L_shift  0x0000000008004ff0       0x24 /usr/bin/../lib/gcc/arm-none-eabi/4.9.3/../../../../arm-none-eabi/lib/armv7e-m/libg_nano.a(lib_a-gdtoa-hexnan.o)
 .text.__hexnan
                0x0000000008005014      0x114 /usr/bin/../lib/gcc/arm-none-eabi/4.9.3/../../../../arm-none-eabi/lib/armv7e-m/libg_nano.a(lib_a-gdtoa-hexnan.o)
                0x0000000008005014                __hexnan
 .text._localeconv_r
                0x0000000008005128        0x8 /usr/bin/../lib/gcc/arm-none-eabi/4.9.3/../../../../arm-none-eabi/lib/armv7e-m/libg_nano.a(lib_a-locale.o)
                0x0000000008005128                _localeconv_r
 .text.malloc   0x0000000008005130       0x10 /usr/bin/../lib/gcc/arm-none-eabi/4.9.3/../../../../arm-none-eabi/lib/armv7e-m/libg_nano.a(lib_a-malloc.o)
                0x0000000008005130                malloc
 .text.memchr   0x0000000008005140       0x1e /usr/bin/../lib/gcc/arm-none-eabi/4.9.3/../../../../arm-none-eabi/lib/armv7e-m/libg_nano.a(lib_a-memchr.o)
                0x0000000008005140                memchr
 .text.memcpy   0x000000000800515e       0x16 /usr/bin/../lib/gcc/arm-none-eabi/4.9.3/../../../../arm-none-eabi/lib/armv7e-m/libg_nano.a(lib_a-memcpy.o)
                0x000000000800515e                memcpy
 .text.memset   0x0000000008005174       0x10 /usr/bin/../lib/gcc/arm-none-eabi/4.9.3/../../../../arm-none-eabi/lib/armv7e-m/libg_nano.a(lib_a-memset.o)
                0x0000000008005174                memset
 .text._Balloc  0x0000000008005184       0x6a /usr/bin/../lib/gcc/arm-none-eabi/4.9.3/../../../../arm-none-eabi/lib/armv7e-m/libg_nano.a(lib_a-mprec.o)
                0x0000000008005184                _Balloc
 .text._Bfree   0x00000000080051ee       0x2e /usr/bin/../lib/gcc/arm-none-eabi/4.9.3/../../../../arm-none-eabi/lib/armv7e-m/libg_nano.a(lib_a-mprec.o)
                0x00000000080051ee                _Bfree
 .text.__multadd
                0x000000000800521c       0x7c /usr/bin/../lib/gcc/arm-none-eabi/4.9.3/../../../../arm-none-eabi/lib/armv7e-m/libg_nano.a(lib_a-mprec.o)
                0x000000000800521c                __multadd
 .text.__s2b    0x0000000008005298       0x80 /usr/bin/../lib/gcc/arm-none-eabi/4.9.3/../../../../arm-none-eabi/lib/armv7e-m/libg_nano.a(lib_a-mprec.o)
                0x0000000008005298                __s2b
 .text.__hi0bits
                0x0000000008005318       0x40 /usr/bin/../lib/gcc/arm-none-eabi/4.9.3/../../../../arm-none-eabi/lib/armv7e-m/libg_nano.a(lib_a-mprec.o)
                0x0000000008005318                __hi0bits
 .text.__lo0bits
                0x0000000008005358       0x5a /usr/bin/../lib/gcc/arm-none-eabi/4.9.3/../../../../arm-none-eabi/lib/armv7e-m/libg_nano.a(lib_a-mprec.o)
                0x0000000008005358                __lo0bits
 .text.__i2b    0x00000000080053b2       0x12 /usr/bin/../lib/gcc/arm-none-eabi/4.9.3/../../../../arm-none-eabi/lib/armv7e-m/libg_nano.a(lib_a-mprec.o)
                0x00000000080053b2                __i2b
 .text.__multiply
                0x00000000080053c4      0x122 /usr/bin/../lib/gcc/arm-none-eabi/4.9.3/../../../../arm-none-eabi/lib/armv7e-m/libg_nano.a(lib_a-mprec.o)
                0x00000000080053c4                __multiply
 *fill*         0x00000000080054e6        0x2 
 .text.__pow5mult
                0x00000000080054e8       0x9c /usr/bin/../lib/gcc/arm-none-eabi/4.9.3/../../../../arm-none-eabi/lib/armv7e-m/libg_nano.a(lib_a-mprec.o)
                0x00000000080054e8                __pow5mult
 .text.__lshift
                0x0000000008005584       0xa6 /usr/bin/../lib/gcc/arm-none-eabi/4.9.3/../../../../arm-none-eabi/lib/armv7e-m/libg_nano.a(lib_a-mprec.o)
                0x0000000008005584                __lshift
 .text.__mcmp   0x000000000800562a       0x38 /usr/bin/../lib/gcc/arm-none-eabi/4.9.3/../../../../arm-none-eabi/lib/armv7e-m/libg_nano.a(lib_a-mprec.o)
                0x000000000800562a                __mcmp
 .text.__mdiff  0x0000000008005662       0xbe /usr/bin/../lib/gcc/arm-none-eabi/4.9.3/../../../../arm-none-eabi/lib/armv7e-m/libg_nano.a(lib_a-mprec.o)
                0x0000000008005662                __mdiff
 .text.__ulp    0x0000000008005720       0x48 /usr/bin/../lib/gcc/arm-none-eabi/4.9.3/../../../../arm-none-eabi/lib/armv7e-m/libg_nano.a(lib_a-mprec.o)
                0x0000000008005720                __ulp
 .text.__b2d    0x0000000008005768       0x9e /usr/bin/../lib/gcc/arm-none-eabi/4.9.3/../../../../arm-none-eabi/lib/armv7e-m/libg_nano.a(lib_a-mprec.o)
                0x0000000008005768                __b2d
 .text.__d2b    0x0000000008005806       0xa4 /usr/bin/../lib/gcc/arm-none-eabi/4.9.3/../../../../arm-none-eabi/lib/armv7e-m/libg_nano.a(lib_a-mprec.o)
                0x0000000008005806                __d2b
 .text.__ratio  0x00000000080058aa       0x52 /usr/bin/../lib/gcc/arm-none-eabi/4.9.3/../../../../arm-none-eabi/lib/armv7e-m/libg_nano.a(lib_a-mprec.o)
                0x00000000080058aa                __ratio
 .text.__copybits
                0x00000000080058fc       0x34 /usr/bin/../lib/gcc/arm-none-eabi/4.9.3/../../../../arm-none-eabi/lib/armv7e-m/libg_nano.a(lib_a-mprec.o)
                0x00000000080058fc                __copybits
 .text.__any_on
                0x0000000008005930       0x44 /usr/bin/../lib/gcc/arm-none-eabi/4.9.3/../../../../arm-none-eabi/lib/armv7e-m/libg_nano.a(lib_a-mprec.o)
                0x0000000008005930                __any_on
 .text._calloc_r
                0x0000000008005974       0x1c /usr/bin/../lib/gcc/arm-none-eabi/4.9.3/../../../../arm-none-eabi/lib/armv7e-m/libg_nano.a(lib_a-nano-callocr.o)
                0x0000000008005974                _calloc_r
 .text._free_r  0x0000000008005990       0x88 /usr/bin/../lib/gcc/arm-none-eabi/4.9.3/../../../../arm-none-eabi/lib/armv7e-m/libg_nano.a(lib_a-nano-freer.o)
                0x0000000008005990                _free_r
 .text._malloc_r
                0x0000000008005a18       0xac /usr/bin/../lib/gcc/arm-none-eabi/4.9.3/../../../../arm-none-eabi/lib/armv7e-m/libg_nano.a(lib_a-nano-mallocr.o)
                0x0000000008005a18                _malloc_r
 .text.__ssputs_r
                0x0000000008005ac4       0xb2 /usr/bin/../lib/gcc/arm-none-eabi/4.9.3/../../../../arm-none-eabi/lib/armv7e-m/libg_nano.a(lib_a-nano-svfprintf.o)
                0x0000000008005ac4                __ssputs_r
 *fill*         0x0000000008005b76        0x2 
 .text._svfprintf_r
                0x0000000008005b78      0x1e4 /usr/bin/../lib/gcc/arm-none-eabi/4.9.3/../../../../arm-none-eabi/lib/armv7e-m/libg_nano.a(lib_a-nano-svfprintf.o)
                0x0000000008005b78                _svfprintf_r
                0x0000000008005b78                _svfiprintf_r
 .text.__sfputc_r
                0x0000000008005d5c       0x2c /usr/bin/../lib/gcc/arm-none-eabi/4.9.3/../../../../arm-none-eabi/lib/armv7e-m/libg_nano.a(lib_a-nano-vfprintf.o)
 .text.__sfputs_r
                0x0000000008005d88       0x24 /usr/bin/../lib/gcc/arm-none-eabi/4.9.3/../../../../arm-none-eabi/lib/armv7e-m/libg_nano.a(lib_a-nano-vfprintf.o)
                0x0000000008005d88                __sfputs_r
 .text._vfprintf_r
                0x0000000008005dac      0x210 /usr/bin/../lib/gcc/arm-none-eabi/4.9.3/../../../../arm-none-eabi/lib/armv7e-m/libg_nano.a(lib_a-nano-vfprintf.o)
                0x0000000008005dac                _vfiprintf_r
                0x0000000008005dac                _vfprintf_r
 .text._sbrk_r  0x0000000008005fbc       0x20 /usr/bin/../lib/gcc/arm-none-eabi/4.9.3/../../../../arm-none-eabi/lib/armv7e-m/libg_nano.a(lib_a-sbrkr.o)
                0x0000000008005fbc                _sbrk_r
 .text.__sread  0x0000000008005fdc       0x22 /usr/bin/../lib/gcc/arm-none-eabi/4.9.3/../../../../arm-none-eabi/lib/armv7e-m/libg_nano.a(lib_a-stdio.o)
                0x0000000008005fdc                __sread
 .text.__swrite
                0x0000000008005ffe       0x38 /usr/bin/../lib/gcc/arm-none-eabi/4.9.3/../../../../arm-none-eabi/lib/armv7e-m/libg_nano.a(lib_a-stdio.o)
                0x0000000008005ffe                __swrite
 .text.__sseek  0x0000000008006036       0x24 /usr/bin/../lib/gcc/arm-none-eabi/4.9.3/../../../../arm-none-eabi/lib/armv7e-m/libg_nano.a(lib_a-stdio.o)
                0x0000000008006036                __sseek
 .text.__sclose
                0x000000000800605a        0x8 /usr/bin/../lib/gcc/arm-none-eabi/4.9.3/../../../../arm-none-eabi/lib/armv7e-m/libg_nano.a(lib_a-stdio.o)
                0x000000000800605a                __sclose
 .text.strncmp  0x0000000008006062       0x34 /usr/bin/../lib/gcc/arm-none-eabi/4.9.3/../../../../arm-none-eabi/lib/armv7e-m/libg_nano.a(lib_a-strncmp.o)
                0x0000000008006062                strncmp
 *fill*         0x0000000008006096        0x2 
 .text.__swbuf_r
                0x0000000008006098       0xa8 /usr/bin/../lib/gcc/arm-none-eabi/4.9.3/../../../../arm-none-eabi/lib/armv7e-m/libg_nano.a(lib_a-wbuf.o)
                0x0000000008006098                __swbuf_r
 .text._write_r
                0x0000000008006140       0x24 /usr/bin/../lib/gcc/arm-none-eabi/4.9.3/../../../../arm-none-eabi/lib/armv7e-m/libg_nano.a(lib_a-writer.o)
                0x0000000008006140                _write_r
 .text.__swsetup_r
                0x0000000008006164       0xd8 /usr/bin/../lib/gcc/arm-none-eabi/4.9.3/../../../../arm-none-eabi/lib/armv7e-m/libg_nano.a(lib_a-wsetup.o)
                0x0000000008006164                __swsetup_r
 .text._close_r
                0x000000000800623c       0x20 /usr/bin/../lib/gcc/arm-none-eabi/4.9.3/../../../../arm-none-eabi/lib/armv7e-m/libg_nano.a(lib_a-closer.o)
                0x000000000800623c                _close_r
 .text.__sflush_r
                0x000000000800625c      0x108 /usr/bin/../lib/gcc/arm-none-eabi/4.9.3/../../../../arm-none-eabi/lib/armv7e-m/libg_nano.a(lib_a-fflush.o)
                0x000000000800625c                __sflush_r
 .text._fflush_r
                0x0000000008006364       0x54 /usr/bin/../lib/gcc/arm-none-eabi/4.9.3/../../../../arm-none-eabi/lib/armv7e-m/libg_nano.a(lib_a-fflush.o)
                0x0000000008006364                _fflush_r
 .text._lseek_r
                0x00000000080063b8       0x24 /usr/bin/../lib/gcc/arm-none-eabi/4.9.3/../../../../arm-none-eabi/lib/armv7e-m/libg_nano.a(lib_a-lseekr.o)
                0x00000000080063b8                _lseek_r
 .text.__smakebuf_r
                0x00000000080063dc       0x9c /usr/bin/../lib/gcc/arm-none-eabi/4.9.3/../../../../arm-none-eabi/lib/armv7e-m/libg_nano.a(lib_a-makebuf.o)
                0x00000000080063dc                __smakebuf_r
 .text.memmove  0x0000000008006478       0x36 /usr/bin/../lib/gcc/arm-none-eabi/4.9.3/../../../../arm-none-eabi/lib/armv7e-m/libg_nano.a(lib_a-memmove.o)
                0x0000000008006478                memmove
 .text._realloc_r
                0x00000000080064ae       0x4c /usr/bin/../lib/gcc/arm-none-eabi/4.9.3/../../../../arm-none-eabi/lib/armv7e-m/libg_nano.a(lib_a-nano-reallocr.o)
                0x00000000080064ae                _realloc_r
 *fill*         0x00000000080064fa        0x2 
 .text._read_r  0x00000000080064fc       0x24 /usr/bin/../lib/gcc/arm-none-eabi/4.9.3/../../../../arm-none-eabi/lib/armv7e-m/libg_nano.a(lib_a-readr.o)
                0x00000000080064fc                _read_r
 .text._fstat_r
                0x0000000008006520       0x24 /usr/bin/../lib/gcc/arm-none-eabi/4.9.3/../../../../arm-none-eabi/lib/armv7e-m/libg_nano.a(lib_a-fstatr.o)
                0x0000000008006520                _fstat_r
 .text._isatty_r
                0x0000000008006544       0x20 /usr/bin/../lib/gcc/arm-none-eabi/4.9.3/../../../../arm-none-eabi/lib/armv7e-m/libg_nano.a(lib_a-isattyr.o)
                0x0000000008006544                _isatty_r
 .text._malloc_usable_size_r
                0x0000000008006564       0x14 /usr/bin/../lib/gcc/arm-none-eabi/4.9.3/../../../../arm-none-eabi/lib/armv7e-m/libg_nano.a(lib_a-nano-msizer.o)
                0x0000000008006564                _malloc_usable_size_r
 .text          0x0000000008006578      0x424 /usr/bin/../lib/gcc/arm-none-eabi/4.9.3/armv7e-m/libgcc.a(_arm_muldivdf3.o)
                0x0000000008006578                __aeabi_dmul
                0x0000000008006578                __muldf3
                0x00000000080067cc                __aeabi_ddiv
                0x00000000080067cc                __divdf3
 .text          0x000000000800699c      0x110 /usr/bin/../lib/gcc/arm-none-eabi/4.9.3/armv7e-m/libgcc.a(_arm_cmpdf2.o)
                0x000000000800699c                __gtdf2
                0x000000000800699c                __gedf2
                0x00000000080069a4                __ltdf2
                0x00000000080069a4                __ledf2
                0x00000000080069ac                __cmpdf2
                0x00000000080069ac                __eqdf2
                0x00000000080069ac                __nedf2
                0x0000000008006a28                __aeabi_cdrcmple
                0x0000000008006a38                __aeabi_cdcmple
                0x0000000008006a38                __aeabi_cdcmpeq
                0x0000000008006a48                __aeabi_dcmpeq
                0x0000000008006a5c                __aeabi_dcmplt
                0x0000000008006a70                __aeabi_dcmple
                0x0000000008006a84                __aeabi_dcmpge
                0x0000000008006a98                __aeabi_dcmpgt
 .text          0x0000000008006aac       0x50 /usr/bin/../lib/gcc/arm-none-eabi/4.9.3/armv7e-m/libgcc.a(_arm_fixdfsi.o)
                0x0000000008006aac                __fixdfsi
                0x0000000008006aac                __aeabi_d2iz
 .text          0x0000000008006afc       0x40 /usr/bin/../lib/gcc/arm-none-eabi/4.9.3/armv7e-m/libgcc.a(_arm_fixunsdfsi.o)
                0x0000000008006afc                __fixunsdfsi
                0x0000000008006afc                __aeabi_d2uiz
 .text          0x0000000008006b3c       0xa0 /usr/bin/../lib/gcc/arm-none-eabi/4.9.3/armv7e-m/libgcc.a(_arm_truncdfsf2.o)
                0x0000000008006b3c                __aeabi_d2f
                0x0000000008006b3c                __truncdfsf2
 .text.findslot
                0x0000000008006bdc       0x34 /usr/bin/../lib/gcc/arm-none-eabi/4.9.3/../../../../arm-none-eabi/lib/armv7e-m/librdimon_nano.a(rdimon-syscalls.o)
 .text.error    0x0000000008006c10       0x1c /usr/bin/../lib/gcc/arm-none-eabi/4.9.3/../../../../arm-none-eabi/lib/armv7e-m/librdimon_nano.a(rdimon-syscalls.o)
 .text.checkerror
                0x0000000008006c2c        0xa /usr/bin/../lib/gcc/arm-none-eabi/4.9.3/../../../../arm-none-eabi/lib/armv7e-m/librdimon_nano.a(rdimon-syscalls.o)
 .text._swiread
                0x0000000008006c36       0x20 /usr/bin/../lib/gcc/arm-none-eabi/4.9.3/../../../../arm-none-eabi/lib/armv7e-m/librdimon_nano.a(rdimon-syscalls.o)
                0x0000000008006c36                _swiread
 .text._read    0x0000000008006c56       0x34 /usr/bin/../lib/gcc/arm-none-eabi/4.9.3/../../../../arm-none-eabi/lib/armv7e-m/librdimon_nano.a(rdimon-syscalls.o)
                0x0000000008006c56                _read
 .text._swilseek
                0x0000000008006c8a       0x7a /usr/bin/../lib/gcc/arm-none-eabi/4.9.3/../../../../arm-none-eabi/lib/armv7e-m/librdimon_nano.a(rdimon-syscalls.o)
                0x0000000008006c8a                _swilseek
 .text._lseek   0x0000000008006d04        0x4 /usr/bin/../lib/gcc/arm-none-eabi/4.9.3/../../../../arm-none-eabi/lib/armv7e-m/librdimon_nano.a(rdimon-syscalls.o)
                0x0000000008006d04                _lseek
 .text._swiwrite
                0x0000000008006d08       0x20 /usr/bin/../lib/gcc/arm-none-eabi/4.9.3/../../../../arm-none-eabi/lib/armv7e-m/librdimon_nano.a(rdimon-syscalls.o)
                0x0000000008006d08                _swiwrite
 .text._write   0x0000000008006d28       0x42 /usr/bin/../lib/gcc/arm-none-eabi/4.9.3/../../../../arm-none-eabi/lib/armv7e-m/librdimon_nano.a(rdimon-syscalls.o)
                0x0000000008006d28                _write
 .text._swiclose
                0x0000000008006d6a       0x1c /usr/bin/../lib/gcc/arm-none-eabi/4.9.3/../../../../arm-none-eabi/lib/armv7e-m/librdimon_nano.a(rdimon-syscalls.o)
                0x0000000008006d6a                _swiclose
 *fill*         0x0000000008006d86        0x2 
 .text._close   0x0000000008006d88       0x48 /usr/bin/../lib/gcc/arm-none-eabi/4.9.3/../../../../arm-none-eabi/lib/armv7e-m/librdimon_nano.a(rdimon-syscalls.o)
                0x0000000008006d88                _close
 .text._swistat
                0x0000000008006dd0       0x42 /usr/bin/../lib/gcc/arm-none-eabi/4.9.3/../../../../arm-none-eabi/lib/armv7e-m/librdimon_nano.a(rdimon-syscalls.o)
                0x0000000008006dd0                _swistat
 .text._fstat   0x0000000008006e12       0x1c /usr/bin/../lib/gcc/arm-none-eabi/4.9.3/../../../../arm-none-eabi/lib/armv7e-m/librdimon_nano.a(rdimon-syscalls.o)
                0x0000000008006e12                _fstat
 .text._isatty  0x0000000008006e2e       0x38 /usr/bin/../lib/gcc/arm-none-eabi/4.9.3/../../../../arm-none-eabi/lib/armv7e-m/librdimon_nano.a(rdimon-syscalls.o)
                0x0000000008006e2e                _isatty
 *(.rodata .rodata.* .constdata .constdata.*)
 *fill*         0x0000000008006e66        0x2 
 .rodata.str1.4
                0x0000000008006e68       0x31 ./system/src/stm32f3-stdperiph/stm32f30x_exti.o
 *fill*         0x0000000008006e99        0x3 
 .rodata.str1.4
                0x0000000008006e9c       0x31 ./system/src/stm32f3-stdperiph/stm32f30x_gpio.o
 *fill*         0x0000000008006ecd        0x3 
 .rodata.str1.4
                0x0000000008006ed0       0x30 ./system/src/stm32f3-stdperiph/stm32f30x_i2c.o
 .rodata.str1.4
                0x0000000008006f00       0x31 ./system/src/stm32f3-stdperiph/stm32f30x_misc.o
 *fill*         0x0000000008006f31        0x3 
 .rodata.str1.4
                0x0000000008006f34       0x30 ./system/src/stm32f3-stdperiph/stm32f30x_rcc.o
 .rodata.str1.4
                0x0000000008006f64       0x33 ./system/src/stm32f3-stdperiph/stm32f30x_syscfg.o
 *fill*         0x0000000008006f97        0x1 
 .rodata.str1.4
                0x0000000008006f98       0x14 ./system/src/newlib/_exit.o
 .rodata.str1.4
                0x0000000008006fac       0x6b ./system/src/newlib/assert.o
                                         0x6f (size before relaxing)
 *fill*         0x0000000008007017        0x1 
 .rodata.str1.4
                0x0000000008007018       0x29 ./system/src/diag/Trace.o
                                         0x2d (size before relaxing)
 *fill*         0x0000000008007041        0x3 
 .rodata.str1.4
                0x0000000008007044        0x4 ./system/src/diag/trace_impl.o
 .rodata.str1.4
                0x0000000008007048      0x146 ./system/src/cortexm/exception_handlers.o
                                        0x14a (size before relaxing)
 *fill*         0x000000000800718e        0x2 
 .rodata.str1.4
                0x0000000008007190       0x1c ./src/main.o
                                         0x1b (size before relaxing)
 .rodata.GPIO_CLK
                0x00000000080071ac       0x20 ./src/stm32f3_discovery.o
                0x00000000080071ac                GPIO_CLK
 .rodata.GPIO_PIN
                0x00000000080071cc       0x10 ./src/stm32f3_discovery.o
                0x00000000080071cc                GPIO_PIN
 .rodata.str1.1
                0x00000000080071dc        0x2 /usr/bin/../lib/gcc/arm-none-eabi/4.9.3/../../../../arm-none-eabi/lib/armv7e-m/libg_nano.a(lib_a-impure.o)
 *fill*         0x00000000080071de        0x2 
 .rodata._global_impure_ptr
                0x00000000080071e0        0x4 /usr/bin/../lib/gcc/arm-none-eabi/4.9.3/../../../../arm-none-eabi/lib/armv7e-m/libg_nano.a(lib_a-impure.o)
                0x00000000080071e0                _global_impure_ptr
 .rodata.str1.1
                0x00000000080071e4       0x12 /usr/bin/../lib/gcc/arm-none-eabi/4.9.3/../../../../arm-none-eabi/lib/armv7e-m/libg_nano.a(lib_a-nano-vfprintf_float.o)
 .rodata.str1.1
                0x00000000080071f6       0x22 /usr/bin/../lib/gcc/arm-none-eabi/4.9.3/../../../../arm-none-eabi/lib/armv7e-m/libg_nano.a(lib_a-nano-vfprintf_i.o)
 .rodata.str1.1
                0x0000000008007218        0x5 /usr/bin/../lib/gcc/arm-none-eabi/4.9.3/../../../../arm-none-eabi/lib/armv7e-m/libg_nano.a(lib_a-nano-vfscanf_float.o)
 .rodata.str1.1
                0x0000000000000000        0x5 /usr/bin/../lib/gcc/arm-none-eabi/4.9.3/../../../../arm-none-eabi/lib/armv7e-m/libg_nano.a(lib_a-strtod.o)
                                          0xc (size before relaxing)
 *fill*         0x000000000800721d        0x3 
 .rodata.fpinan.5315
                0x0000000008007220       0x14 /usr/bin/../lib/gcc/arm-none-eabi/4.9.3/../../../../arm-none-eabi/lib/armv7e-m/libg_nano.a(lib_a-strtod.o)
 *fill*         0x0000000008007234        0x4 
 .rodata.tinytens
                0x0000000008007238       0x28 /usr/bin/../lib/gcc/arm-none-eabi/4.9.3/../../../../arm-none-eabi/lib/armv7e-m/libg_nano.a(lib_a-strtod.o)
 .rodata.fpi.5279
                0x0000000008007260       0x14 /usr/bin/../lib/gcc/arm-none-eabi/4.9.3/../../../../arm-none-eabi/lib/armv7e-m/libg_nano.a(lib_a-strtod.o)
 .rodata._ctype_
                0x0000000008007274      0x101 /usr/bin/../lib/gcc/arm-none-eabi/4.9.3/../../../../arm-none-eabi/lib/armv7e-m/libg_nano.a(lib_a-ctype_.o)
                0x0000000008007274                _ctype_
 .rodata.str1.1
                0x0000000008007375        0xd /usr/bin/../lib/gcc/arm-none-eabi/4.9.3/../../../../arm-none-eabi/lib/armv7e-m/libg_nano.a(lib_a-dtoa.o)
                                          0xf (size before relaxing)
 *fill*         0x0000000008007382        0x2 
 .rodata.__sf_fake_stdin
                0x0000000008007384       0x20 /usr/bin/../lib/gcc/arm-none-eabi/4.9.3/../../../../arm-none-eabi/lib/armv7e-m/libg_nano.a(lib_a-findfp.o)
                0x0000000008007384                __sf_fake_stdin
 .rodata.__sf_fake_stdout
                0x00000000080073a4       0x20 /usr/bin/../lib/gcc/arm-none-eabi/4.9.3/../../../../arm-none-eabi/lib/armv7e-m/libg_nano.a(lib_a-findfp.o)
                0x00000000080073a4                __sf_fake_stdout
 .rodata.__sf_fake_stderr
                0x00000000080073c4       0x20 /usr/bin/../lib/gcc/arm-none-eabi/4.9.3/../../../../arm-none-eabi/lib/armv7e-m/libg_nano.a(lib_a-findfp.o)
                0x00000000080073c4                __sf_fake_stderr
 .rodata.str1.1
                0x00000000080073e4        0x8 /usr/bin/../lib/gcc/arm-none-eabi/4.9.3/../../../../arm-none-eabi/lib/armv7e-m/libg_nano.a(lib_a-locale.o)
                                          0xb (size before relaxing)
 *fill*         0x00000000080073ec        0x4 
 .rodata.__mprec_tens
                0x00000000080073f0       0xc8 /usr/bin/../lib/gcc/arm-none-eabi/4.9.3/../../../../arm-none-eabi/lib/armv7e-m/libg_nano.a(lib_a-mprec.o)
                0x00000000080073f0                __mprec_tens
 .rodata.__mprec_bigtens
                0x00000000080074b8       0x28 /usr/bin/../lib/gcc/arm-none-eabi/4.9.3/../../../../arm-none-eabi/lib/armv7e-m/libg_nano.a(lib_a-mprec.o)
                0x00000000080074b8                __mprec_bigtens
 .rodata.p05.5314
                0x00000000080074e0        0xc /usr/bin/../lib/gcc/arm-none-eabi/4.9.3/../../../../arm-none-eabi/lib/armv7e-m/libg_nano.a(lib_a-mprec.o)
 .rodata.str1.1
                0x00000000080074ec       0x11 /usr/bin/../lib/gcc/arm-none-eabi/4.9.3/../../../../arm-none-eabi/lib/armv7e-m/libg_nano.a(lib_a-nano-svfprintf.o)
 .rodata.str1.1
                0x0000000000000000       0x11 /usr/bin/../lib/gcc/arm-none-eabi/4.9.3/../../../../arm-none-eabi/lib/armv7e-m/libg_nano.a(lib_a-nano-vfprintf.o)
 *(vtable)
 *(.eh_frame*)
 *fill*         0x00000000080074fd        0x3 
 .eh_frame      0x0000000008007500       0x28 /usr/bin/../lib/gcc/arm-none-eabi/4.9.3/../../../../arm-none-eabi/lib/armv7e-m/libg_nano.a(lib_a-strcmp.o)
 *(.glue_7)
 .glue_7        0x0000000000000000        0x0 linker stubs
 *(.glue_7t)
 .glue_7t       0x0000000000000000        0x0 linker stubs

.vfp11_veneer   0x0000000008007528        0x0
 .vfp11_veneer  0x0000000000000000        0x0 linker stubs

.v4_bx          0x0000000008007528        0x0
 .v4_bx         0x0000000000000000        0x0 linker stubs

.iplt           0x0000000008007528        0x0
 .iplt          0x0000000000000000        0x0 ./system/src/stm32f3-stdperiph/stm32f30x_exti.o

.rel.dyn        0x0000000008007528        0x0
 .rel.iplt      0x0000000000000000        0x0 ./system/src/stm32f3-stdperiph/stm32f30x_exti.o

.ARM.extab
 *(.ARM.extab* .gnu.linkonce.armextab.*)
                0x0000000008007528                . = ALIGN (0x4)
                0x0000000008007528                __exidx_start = .

.ARM.exidx
 *(.ARM.exidx* .gnu.linkonce.armexidx.*)
                0x0000000008007528                __exidx_end = .
                0x0000000008007528                . = ALIGN (0x4)
                0x0000000008007528                _etext = .
                0x0000000008007528                __etext = .

.data_CCMRAM    0x0000000010000000        0x0 load address 0x0000000008007528
 FILL mask 0xff
 *(.data.CCMRAM .data.CCMRAM.*)
                0x0000000010000000                . = ALIGN (0x4)
                0x0000000008007528                _sidata = LOADADDR (.data)

.data           0x0000000020000000       0xec load address 0x0000000008007528
 FILL mask 0xff
                0x0000000020000000                _sdata = .
                0x0000000020000000                __data_start__ = .
 *(.data_begin .data_begin.*)
 .data_begin    0x0000000020000000        0x4 ./system/src/newlib/_startup.o
 *(.data .data.*)
 .data.argv.4157
                0x0000000020000004        0x8 ./system/src/newlib/_syscalls.o
 .data.AHBPrescTable
                0x000000002000000c       0x10 ./system/src/cmsis/system_stm32f30x.o
                0x000000002000000c                AHBPrescTable
 .data.SystemCoreClock
                0x000000002000001c        0x4 ./system/src/cmsis/system_stm32f30x.o
                0x000000002000001c                SystemCoreClock
 .data.GPIO_PORT
                0x0000000020000020       0x20 ./src/stm32f3_discovery.o
                0x0000000020000020                GPIO_PORT
 .data.BUTTON_PORT
                0x0000000020000040        0x4 ./src/stm32f3_discovery.o
                0x0000000020000040                BUTTON_PORT
 .data.LSM303DLHC_Timeout
                0x0000000020000044        0x4 ./src/stm32f3_discovery_lsm303dlhc.o
                0x0000000020000044                LSM303DLHC_Timeout
 .data.impure_data
                0x0000000020000048       0x60 /usr/bin/../lib/gcc/arm-none-eabi/4.9.3/../../../../arm-none-eabi/lib/armv7e-m/libg_nano.a(lib_a-impure.o)
 .data._impure_ptr
                0x00000000200000a8        0x4 /usr/bin/../lib/gcc/arm-none-eabi/4.9.3/../../../../arm-none-eabi/lib/armv7e-m/libg_nano.a(lib_a-impure.o)
                0x00000000200000a8                _impure_ptr
 .data.__ctype_ptr__
                0x00000000200000ac        0x4 /usr/bin/../lib/gcc/arm-none-eabi/4.9.3/../../../../arm-none-eabi/lib/armv7e-m/libg_nano.a(lib_a-ctype_.o)
                0x00000000200000ac                __ctype_ptr__
 .data.lconv    0x00000000200000b0       0x38 /usr/bin/../lib/gcc/arm-none-eabi/4.9.3/../../../../arm-none-eabi/lib/armv7e-m/libg_nano.a(lib_a-locale.o)
 *(.data_end .data_end.*)
 .data_end      0x00000000200000e8        0x4 ./system/src/newlib/_startup.o
                0x00000000200000ec                . = ALIGN (0x4)
                0x00000000200000ec                _edata = .
                0x00000000200000ec                __data_end__ = .

.igot.plt       0x00000000200000ec        0x0 load address 0x0000000008007614
 .igot.plt      0x0000000000000000        0x0 ./system/src/stm32f3-stdperiph/stm32f30x_exti.o

.bss_CCMRAM     0x0000000010000000        0x0
 *(.bss.CCMRAM .bss.CCMRAM.*)

.bss            0x00000000200000ec      0x148
                0x00000000200000ec                __bss_start__ = .
                0x00000000200000ec                _sbss = .
 *(.bss_begin .bss_begin.*)
 .bss_begin     0x00000000200000ec        0x4 ./system/src/newlib/_startup.o
 *(.bss .bss.*)
 .bss.current_heap_end.3862
                0x00000000200000f0        0x4 ./system/src/newlib/_sbrk.o
 .bss.name.4156
                0x00000000200000f4        0x1 ./system/src/newlib/_syscalls.o
 *fill*         0x00000000200000f5        0x3 
 .bss.buf.4998  0x00000000200000f8       0x80 ./system/src/diag/Trace.o
 .bss.handle.7077
                0x0000000020000178        0x4 ./system/src/diag/trace_impl.o
 .bss.TimingDelay
                0x000000002000017c        0x4 ./src/common.o
                0x000000002000017c                TimingDelay
 .bss.i         0x0000000020000180        0x4 ./src/stm32f30x_it.o
                0x0000000020000180                i
 .bss.__malloc_sbrk_start
                0x0000000020000184        0x4 /usr/bin/../lib/gcc/arm-none-eabi/4.9.3/../../../../arm-none-eabi/lib/armv7e-m/libg_nano.a(lib_a-nano-mallocr.o)
                0x0000000020000184                __malloc_sbrk_start
 .bss.__malloc_free_list
                0x0000000020000188        0x4 /usr/bin/../lib/gcc/arm-none-eabi/4.9.3/../../../../arm-none-eabi/lib/armv7e-m/libg_nano.a(lib_a-nano-mallocr.o)
                0x0000000020000188                __malloc_free_list
 .bss.openfiles
                0x000000002000018c       0xa0 /usr/bin/../lib/gcc/arm-none-eabi/4.9.3/../../../../arm-none-eabi/lib/armv7e-m/librdimon_nano.a(rdimon-syscalls.o)
 *(COMMON)
 COMMON         0x000000002000022c        0x4 ./system/src/newlib/_syscalls.o
                0x000000002000022c                errno
 *(.bss_end .bss_end.*)
 .bss_end       0x0000000020000230        0x4 ./system/src/newlib/_startup.o
                0x0000000020000234                . = ALIGN (0x4)
                0x0000000020000234                __bss_end__ = .
                0x0000000020000234                _ebss = .

.noinit_CCMRAM
 *(.noinit.CCMRAM .noinit.CCMRAM.*)

.noinit         0x0000000020000234        0x0
                0x0000000020000234                _noinit = .
 *(.noinit .noinit.*)
                0x0000000020000234                . = ALIGN (0x4)
                0x0000000020000234                _end_noinit = .
                0x0000000020000234                PROVIDE (end, _end_noinit)
                0x0000000020000234                PROVIDE (_end, _end_noinit)
                0x0000000020000234                PROVIDE (__end, _end_noinit)
                0x0000000020000234                PROVIDE (__end__, _end_noinit)

._check_stack   0x0000000020000234      0x100
                0x0000000020000334                . = (. + _Minimum_Stack_Size)
 *fill*         0x0000000020000234      0x100 

.b1text
 *(.b1text)
 *(.b1rodata)
 *(.b1rodata.*)

.eb0text
 *(.eb0text)
 *(.eb0rodata)
 *(.eb0rodata.*)

.eb1text
 *(.eb1text)
 *(.eb1rodata)
 *(.eb1rodata.*)

.eb2text
 *(.eb2text)
 *(.eb2rodata)
 *(.eb2rodata.*)

.eb3text
 *(.eb3text)
 *(.eb3rodata)
 *(.eb3rodata.*)

.stab
 *(.stab)

.stabstr
 *(.stabstr)

.stab.excl
 *(.stab.excl)

.stab.exclstr
 *(.stab.exclstr)

.stab.index
 *(.stab.index)

.stab.indexstr
 *(.stab.indexstr)

.comment        0x0000000000000000       0x70
 *(.comment)
 .comment       0x0000000000000000       0x70 ./system/src/stm32f3-stdperiph/stm32f30x_exti.o
                                         0x71 (size before relaxing)
 .comment       0x0000000000000000       0x71 ./system/src/stm32f3-stdperiph/stm32f30x_gpio.o
 .comment       0x0000000000000000       0x71 ./system/src/stm32f3-stdperiph/stm32f30x_i2c.o
 .comment       0x0000000000000000       0x71 ./system/src/stm32f3-stdperiph/stm32f30x_misc.o
 .comment       0x0000000000000000       0x71 ./system/src/stm32f3-stdperiph/stm32f30x_rcc.o
 .comment       0x0000000000000000       0x71 ./system/src/stm32f3-stdperiph/stm32f30x_syscfg.o
 .comment       0x0000000000000000       0x71 ./system/src/newlib/_exit.o
 .comment       0x0000000000000000       0x71 ./system/src/newlib/_sbrk.o
 .comment       0x0000000000000000       0x71 ./system/src/newlib/_startup.o
 .comment       0x0000000000000000       0x71 ./system/src/newlib/_syscalls.o
 .comment       0x0000000000000000       0x71 ./system/src/newlib/assert.o
 .comment       0x0000000000000000       0x71 ./system/src/diag/Trace.o
 .comment       0x0000000000000000       0x71 ./system/src/diag/trace_impl.o
 .comment       0x0000000000000000       0x71 ./system/src/cortexm/_initialize_hardware.o
 .comment       0x0000000000000000       0x71 ./system/src/cortexm/exception_handlers.o
 .comment       0x0000000000000000       0x71 ./system/src/cmsis/system_stm32f30x.o
 .comment       0x0000000000000000       0x71 ./system/src/cmsis/vectors_stm32f30x.o
 .comment       0x0000000000000000       0x71 ./src/common.o
 .comment       0x0000000000000000       0x71 ./src/main.o
 .comment       0x0000000000000000       0x71 ./src/stm32f30x_it.o
 .comment       0x0000000000000000       0x71 ./src/stm32f3_discovery.o
 .comment       0x0000000000000000       0x71 ./src/stm32f3_discovery_lsm303dlhc.o

.ARM.attributes
                0x0000000000000000       0x31
 .ARM.attributes
                0x0000000000000000       0x33 ./system/src/stm32f3-stdperiph/stm32f30x_exti.o
 .ARM.attributes
                0x0000000000000033       0x33 ./system/src/stm32f3-stdperiph/stm32f30x_gpio.o
 .ARM.attributes
                0x0000000000000066       0x33 ./system/src/stm32f3-stdperiph/stm32f30x_i2c.o
 .ARM.attributes
                0x0000000000000099       0x33 ./system/src/stm32f3-stdperiph/stm32f30x_misc.o
 .ARM.attributes
                0x00000000000000cc       0x33 ./system/src/stm32f3-stdperiph/stm32f30x_rcc.o
 .ARM.attributes
                0x00000000000000ff       0x33 ./system/src/stm32f3-stdperiph/stm32f30x_syscfg.o
 .ARM.attributes
                0x0000000000000132       0x33 ./system/src/newlib/_exit.o
 .ARM.attributes
                0x0000000000000165       0x33 ./system/src/newlib/_sbrk.o
 .ARM.attributes
                0x0000000000000198       0x33 ./system/src/newlib/_startup.o
 .ARM.attributes
                0x00000000000001cb       0x33 ./system/src/newlib/_syscalls.o
 .ARM.attributes
                0x00000000000001fe       0x33 ./system/src/newlib/assert.o
 .ARM.attributes
                0x0000000000000231       0x33 ./system/src/diag/Trace.o
 .ARM.attributes
                0x0000000000000264       0x33 ./system/src/diag/trace_impl.o
 .ARM.attributes
                0x0000000000000297       0x33 ./system/src/cortexm/_initialize_hardware.o
 .ARM.attributes
                0x00000000000002ca       0x33 ./system/src/cortexm/exception_handlers.o
 .ARM.attributes
                0x00000000000002fd       0x33 ./system/src/cmsis/system_stm32f30x.o
 .ARM.attributes
                0x0000000000000330       0x33 ./system/src/cmsis/vectors_stm32f30x.o
 .ARM.attributes
                0x0000000000000363       0x33 ./src/common.o
 .ARM.attributes
                0x0000000000000396       0x33 ./src/main.o
 .ARM.attributes
                0x00000000000003c9       0x33 ./src/stm32f30x_it.o
 .ARM.attributes
                0x00000000000003fc       0x33 ./src/stm32f3_discovery.o
 .ARM.attributes
                0x000000000000042f       0x33 ./src/stm32f3_discovery_lsm303dlhc.o
 .ARM.attributes
                0x0000000000000462       0x1e /usr/bin/../lib/gcc/arm-none-eabi/4.9.3/armv7e-m/libgcc.a(_arm_addsubdf3.o)
 .ARM.attributes
                0x0000000000000480       0x1e /usr/bin/../lib/gcc/arm-none-eabi/4.9.3/armv7e-m/libgcc.a(_arm_addsubsf3.o)
 .ARM.attributes
                0x000000000000049e       0x1e /usr/bin/../lib/gcc/arm-none-eabi/4.9.3/armv7e-m/libgcc.a(_arm_muldivsf3.o)
 .ARM.attributes
                0x00000000000004bc       0x2e /usr/bin/../lib/gcc/arm-none-eabi/4.9.3/../../../../arm-none-eabi/lib/armv7e-m/libg_nano.a(lib_a-errno.o)
 .ARM.attributes
                0x00000000000004ea       0x2e /usr/bin/../lib/gcc/arm-none-eabi/4.9.3/../../../../arm-none-eabi/lib/armv7e-m/libg_nano.a(lib_a-impure.o)
 .ARM.attributes
                0x0000000000000518       0x2e /usr/bin/../lib/gcc/arm-none-eabi/4.9.3/../../../../arm-none-eabi/lib/armv7e-m/libg_nano.a(lib_a-nano-vfprintf_float.o)
 .ARM.attributes
                0x0000000000000546       0x2e /usr/bin/../lib/gcc/arm-none-eabi/4.9.3/../../../../arm-none-eabi/lib/armv7e-m/libg_nano.a(lib_a-nano-vfprintf_i.o)
 .ARM.attributes
                0x0000000000000574       0x2e /usr/bin/../lib/gcc/arm-none-eabi/4.9.3/../../../../arm-none-eabi/lib/armv7e-m/libg_nano.a(lib_a-nano-vfscanf_float.o)
 .ARM.attributes
                0x00000000000005a2       0x2e /usr/bin/../lib/gcc/arm-none-eabi/4.9.3/../../../../arm-none-eabi/lib/armv7e-m/libg_nano.a(lib_a-printf.o)
 .ARM.attributes
                0x00000000000005d0       0x2e /usr/bin/../lib/gcc/arm-none-eabi/4.9.3/../../../../arm-none-eabi/lib/armv7e-m/libg_nano.a(lib_a-s_fpclassify.o)
 .ARM.attributes
                0x00000000000005fe       0x2e /usr/bin/../lib/gcc/arm-none-eabi/4.9.3/../../../../arm-none-eabi/lib/armv7e-m/libg_nano.a(lib_a-sf_nan.o)
 .ARM.attributes
                0x000000000000062c       0x2e /usr/bin/../lib/gcc/arm-none-eabi/4.9.3/../../../../arm-none-eabi/lib/armv7e-m/libg_nano.a(lib_a-sprintf.o)
 .ARM.attributes
                0x000000000000065a       0x1c /usr/bin/../lib/gcc/arm-none-eabi/4.9.3/../../../../arm-none-eabi/lib/armv7e-m/libg_nano.a(lib_a-strcmp.o)
 .ARM.attributes
                0x0000000000000676       0x2e /usr/bin/../lib/gcc/arm-none-eabi/4.9.3/../../../../arm-none-eabi/lib/armv7e-m/libg_nano.a(lib_a-strlen.o)
 .ARM.attributes
                0x00000000000006a4       0x2e /usr/bin/../lib/gcc/arm-none-eabi/4.9.3/../../../../arm-none-eabi/lib/armv7e-m/libg_nano.a(lib_a-strtod.o)
 .ARM.attributes
                0x00000000000006d2       0x2e /usr/bin/../lib/gcc/arm-none-eabi/4.9.3/../../../../arm-none-eabi/lib/armv7e-m/libg_nano.a(lib_a-strtol.o)
 .ARM.attributes
                0x0000000000000700       0x2e /usr/bin/../lib/gcc/arm-none-eabi/4.9.3/../../../../arm-none-eabi/lib/armv7e-m/libg_nano.a(lib_a-vsnprintf.o)
 .ARM.attributes
                0x000000000000072e       0x2e /usr/bin/../lib/gcc/arm-none-eabi/4.9.3/../../../../arm-none-eabi/lib/armv7e-m/libg_nano.a(lib_a-ctype_.o)
 .ARM.attributes
                0x000000000000075c       0x2e /usr/bin/../lib/gcc/arm-none-eabi/4.9.3/../../../../arm-none-eabi/lib/armv7e-m/libg_nano.a(lib_a-dtoa.o)
 .ARM.attributes
                0x000000000000078a       0x2e /usr/bin/../lib/gcc/arm-none-eabi/4.9.3/../../../../arm-none-eabi/lib/armv7e-m/libg_nano.a(lib_a-findfp.o)
 .ARM.attributes
                0x00000000000007b8       0x2e /usr/bin/../lib/gcc/arm-none-eabi/4.9.3/../../../../arm-none-eabi/lib/armv7e-m/libg_nano.a(lib_a-fwalk.o)
 .ARM.attributes
                0x00000000000007e6       0x2e /usr/bin/../lib/gcc/arm-none-eabi/4.9.3/../../../../arm-none-eabi/lib/armv7e-m/libg_nano.a(lib_a-gdtoa-gethex.o)
 .ARM.attributes
                0x0000000000000814       0x2e /usr/bin/../lib/gcc/arm-none-eabi/4.9.3/../../../../arm-none-eabi/lib/armv7e-m/libg_nano.a(lib_a-gdtoa-hexnan.o)
 .ARM.attributes
                0x0000000000000842       0x2e /usr/bin/../lib/gcc/arm-none-eabi/4.9.3/../../../../arm-none-eabi/lib/armv7e-m/libg_nano.a(lib_a-locale.o)
 .ARM.attributes
                0x0000000000000870       0x2e /usr/bin/../lib/gcc/arm-none-eabi/4.9.3/../../../../arm-none-eabi/lib/armv7e-m/libg_nano.a(lib_a-malloc.o)
 .ARM.attributes
                0x000000000000089e       0x2e /usr/bin/../lib/gcc/arm-none-eabi/4.9.3/../../../../arm-none-eabi/lib/armv7e-m/libg_nano.a(lib_a-memchr.o)
 .ARM.attributes
                0x00000000000008cc       0x2e /usr/bin/../lib/gcc/arm-none-eabi/4.9.3/../../../../arm-none-eabi/lib/armv7e-m/libg_nano.a(lib_a-memcpy.o)
 .ARM.attributes
                0x00000000000008fa       0x2e /usr/bin/../lib/gcc/arm-none-eabi/4.9.3/../../../../arm-none-eabi/lib/armv7e-m/libg_nano.a(lib_a-memset.o)
 .ARM.attributes
                0x0000000000000928       0x2e /usr/bin/../lib/gcc/arm-none-eabi/4.9.3/../../../../arm-none-eabi/lib/armv7e-m/libg_nano.a(lib_a-mprec.o)
 .ARM.attributes
                0x0000000000000956       0x2e /usr/bin/../lib/gcc/arm-none-eabi/4.9.3/../../../../arm-none-eabi/lib/armv7e-m/libg_nano.a(lib_a-nano-callocr.o)
 .ARM.attributes
                0x0000000000000984       0x2e /usr/bin/../lib/gcc/arm-none-eabi/4.9.3/../../../../arm-none-eabi/lib/armv7e-m/libg_nano.a(lib_a-nano-freer.o)
 .ARM.attributes
                0x00000000000009b2       0x2e /usr/bin/../lib/gcc/arm-none-eabi/4.9.3/../../../../arm-none-eabi/lib/armv7e-m/libg_nano.a(lib_a-nano-mallocr.o)
 .ARM.attributes
                0x00000000000009e0       0x2e /usr/bin/../lib/gcc/arm-none-eabi/4.9.3/../../../../arm-none-eabi/lib/armv7e-m/libg_nano.a(lib_a-nano-svfprintf.o)
 .ARM.attributes
                0x0000000000000a0e       0x2e /usr/bin/../lib/gcc/arm-none-eabi/4.9.3/../../../../arm-none-eabi/lib/armv7e-m/libg_nano.a(lib_a-nano-vfprintf.o)
 .ARM.attributes
                0x0000000000000a3c       0x2e /usr/bin/../lib/gcc/arm-none-eabi/4.9.3/../../../../arm-none-eabi/lib/armv7e-m/libg_nano.a(lib_a-sbrkr.o)
 .ARM.attributes
                0x0000000000000a6a       0x2e /usr/bin/../lib/gcc/arm-none-eabi/4.9.3/../../../../arm-none-eabi/lib/armv7e-m/libg_nano.a(lib_a-stdio.o)
 .ARM.attributes
                0x0000000000000a98       0x2e /usr/bin/../lib/gcc/arm-none-eabi/4.9.3/../../../../arm-none-eabi/lib/armv7e-m/libg_nano.a(lib_a-strncmp.o)
 .ARM.attributes
                0x0000000000000ac6       0x2e /usr/bin/../lib/gcc/arm-none-eabi/4.9.3/../../../../arm-none-eabi/lib/armv7e-m/libg_nano.a(lib_a-wbuf.o)
 .ARM.attributes
                0x0000000000000af4       0x2e /usr/bin/../lib/gcc/arm-none-eabi/4.9.3/../../../../arm-none-eabi/lib/armv7e-m/libg_nano.a(lib_a-writer.o)
 .ARM.attributes
                0x0000000000000b22       0x2e /usr/bin/../lib/gcc/arm-none-eabi/4.9.3/../../../../arm-none-eabi/lib/armv7e-m/libg_nano.a(lib_a-wsetup.o)
 .ARM.attributes
                0x0000000000000b50       0x2e /usr/bin/../lib/gcc/arm-none-eabi/4.9.3/../../../../arm-none-eabi/lib/armv7e-m/libg_nano.a(lib_a-closer.o)
 .ARM.attributes
                0x0000000000000b7e       0x2e /usr/bin/../lib/gcc/arm-none-eabi/4.9.3/../../../../arm-none-eabi/lib/armv7e-m/libg_nano.a(lib_a-fflush.o)
 .ARM.attributes
                0x0000000000000bac       0x2e /usr/bin/../lib/gcc/arm-none-eabi/4.9.3/../../../../arm-none-eabi/lib/armv7e-m/libg_nano.a(lib_a-lseekr.o)
 .ARM.attributes
                0x0000000000000bda       0x2e /usr/bin/../lib/gcc/arm-none-eabi/4.9.3/../../../../arm-none-eabi/lib/armv7e-m/libg_nano.a(lib_a-makebuf.o)
 .ARM.attributes
                0x0000000000000c08       0x2e /usr/bin/../lib/gcc/arm-none-eabi/4.9.3/../../../../arm-none-eabi/lib/armv7e-m/libg_nano.a(lib_a-memmove.o)
 .ARM.attributes
                0x0000000000000c36       0x2e /usr/bin/../lib/gcc/arm-none-eabi/4.9.3/../../../../arm-none-eabi/lib/armv7e-m/libg_nano.a(lib_a-nano-reallocr.o)
 .ARM.attributes
                0x0000000000000c64       0x2e /usr/bin/../lib/gcc/arm-none-eabi/4.9.3/../../../../arm-none-eabi/lib/armv7e-m/libg_nano.a(lib_a-readr.o)
 .ARM.attributes
                0x0000000000000c92       0x2e /usr/bin/../lib/gcc/arm-none-eabi/4.9.3/../../../../arm-none-eabi/lib/armv7e-m/libg_nano.a(lib_a-fstatr.o)
 .ARM.attributes
                0x0000000000000cc0       0x2e /usr/bin/../lib/gcc/arm-none-eabi/4.9.3/../../../../arm-none-eabi/lib/armv7e-m/libg_nano.a(lib_a-isattyr.o)
 .ARM.attributes
                0x0000000000000cee       0x2e /usr/bin/../lib/gcc/arm-none-eabi/4.9.3/../../../../arm-none-eabi/lib/armv7e-m/libg_nano.a(lib_a-nano-msizer.o)
 .ARM.attributes
                0x0000000000000d1c       0x1e /usr/bin/../lib/gcc/arm-none-eabi/4.9.3/armv7e-m/libgcc.a(_arm_muldivdf3.o)
 .ARM.attributes
                0x0000000000000d3a       0x1e /usr/bin/../lib/gcc/arm-none-eabi/4.9.3/armv7e-m/libgcc.a(_arm_cmpdf2.o)
 .ARM.attributes
                0x0000000000000d58       0x1e /usr/bin/../lib/gcc/arm-none-eabi/4.9.3/armv7e-m/libgcc.a(_arm_fixdfsi.o)
 .ARM.attributes
                0x0000000000000d76       0x1e /usr/bin/../lib/gcc/arm-none-eabi/4.9.3/armv7e-m/libgcc.a(_arm_fixunsdfsi.o)
 .ARM.attributes
                0x0000000000000d94       0x1e /usr/bin/../lib/gcc/arm-none-eabi/4.9.3/armv7e-m/libgcc.a(_arm_truncdfsf2.o)
 .ARM.attributes
                0x0000000000000db2       0x2e /usr/bin/../lib/gcc/arm-none-eabi/4.9.3/../../../../arm-none-eabi/lib/armv7e-m/librdimon_nano.a(rdimon-syscalls.o)

.debug
 *(.debug)

.line
 *(.line)

.debug_srcinfo
 *(.debug_srcinfo)

.debug_sfnames
 *(.debug_sfnames)

.debug_aranges  0x0000000000000000      0x860
 *(.debug_aranges)
 .debug_aranges
                0x0000000000000000       0x58 ./system/src/stm32f3-stdperiph/stm32f30x_exti.o
 .debug_aranges
                0x0000000000000058       0x80 ./system/src/stm32f3-stdperiph/stm32f30x_gpio.o
 .debug_aranges
                0x00000000000000d8      0x168 ./system/src/stm32f3-stdperiph/stm32f30x_i2c.o
 .debug_aranges
                0x0000000000000240       0x40 ./system/src/stm32f3-stdperiph/stm32f30x_misc.o
 .debug_aranges
                0x0000000000000280      0x150 ./system/src/stm32f3-stdperiph/stm32f30x_rcc.o
 .debug_aranges
                0x00000000000003d0       0x88 ./system/src/stm32f3-stdperiph/stm32f30x_syscfg.o
 .debug_aranges
                0x0000000000000458       0x28 ./system/src/newlib/_exit.o
 .debug_aranges
                0x0000000000000480       0x20 ./system/src/newlib/_sbrk.o
 .debug_aranges
                0x00000000000004a0       0x40 ./system/src/newlib/_startup.o
 .debug_aranges
                0x00000000000004e0       0x30 ./system/src/newlib/_syscalls.o
 .debug_aranges
                0x0000000000000510       0x28 ./system/src/newlib/assert.o
 .debug_aranges
                0x0000000000000538       0x38 ./system/src/diag/Trace.o
 .debug_aranges
                0x0000000000000570       0x30 ./system/src/diag/trace_impl.o
 .debug_aranges
                0x00000000000005a0       0x28 ./system/src/cortexm/_initialize_hardware.o
 .debug_aranges
                0x00000000000005c8       0x90 ./system/src/cortexm/exception_handlers.o
 .debug_aranges
                0x0000000000000658       0x30 ./system/src/cmsis/system_stm32f30x.o
 .debug_aranges
                0x0000000000000688       0x20 ./system/src/cmsis/vectors_stm32f30x.o
 .debug_aranges
                0x00000000000006a8       0x30 ./src/common.o
 .debug_aranges
                0x00000000000006d8       0x40 ./src/main.o
 .debug_aranges
                0x0000000000000718       0x60 ./src/stm32f30x_it.o
 .debug_aranges
                0x0000000000000778       0x48 ./src/stm32f3_discovery.o
 .debug_aranges
                0x00000000000007c0       0xa0 ./src/stm32f3_discovery_lsm303dlhc.o

.debug_pubnames
 *(.debug_pubnames)

.debug_info     0x0000000000000000     0x9045
 *(.debug_info .gnu.linkonce.wi.*)
 .debug_info    0x0000000000000000      0x4c7 ./system/src/stm32f3-stdperiph/stm32f30x_exti.o
 .debug_info    0x00000000000004c7      0xa40 ./system/src/stm32f3-stdperiph/stm32f30x_gpio.o
 .debug_info    0x0000000000000f07     0x15dc ./system/src/stm32f3-stdperiph/stm32f30x_i2c.o
 .debug_info    0x00000000000024e3      0x63b ./system/src/stm32f3-stdperiph/stm32f30x_misc.o
 .debug_info    0x0000000000002b1e      0xf6a ./system/src/stm32f3-stdperiph/stm32f30x_rcc.o
 .debug_info    0x0000000000003a88      0x5a5 ./system/src/stm32f3-stdperiph/stm32f30x_syscfg.o
 .debug_info    0x000000000000402d      0x100 ./system/src/newlib/_exit.o
 .debug_info    0x000000000000412d      0x125 ./system/src/newlib/_sbrk.o
 .debug_info    0x0000000000004252      0x50f ./system/src/newlib/_startup.o
 .debug_info    0x0000000000004761      0x1a9 ./system/src/newlib/_syscalls.o
 .debug_info    0x000000000000490a      0x1b0 ./system/src/newlib/assert.o
 .debug_info    0x0000000000004aba      0x32b ./system/src/diag/Trace.o
 .debug_info    0x0000000000004de5      0x2ef ./system/src/diag/trace_impl.o
 .debug_info    0x00000000000050d4       0xdf ./system/src/cortexm/_initialize_hardware.o
 .debug_info    0x00000000000051b3      0x940 ./system/src/cortexm/exception_handlers.o
 .debug_info    0x0000000000005af3      0x486 ./system/src/cmsis/system_stm32f30x.o
 .debug_info    0x0000000000005f79       0xd1 ./system/src/cmsis/vectors_stm32f30x.o
 .debug_info    0x000000000000604a      0x125 ./src/common.o
 .debug_info    0x000000000000616f     0x100c ./src/main.o
 .debug_info    0x000000000000717b      0x299 ./src/stm32f30x_it.o
 .debug_info    0x0000000000007414      0x99a ./src/stm32f3_discovery.o
 .debug_info    0x0000000000007dae     0x1297 ./src/stm32f3_discovery_lsm303dlhc.o

.debug_abbrev   0x0000000000000000     0x20f4
 *(.debug_abbrev)
 .debug_abbrev  0x0000000000000000      0x1cc ./system/src/stm32f3-stdperiph/stm32f30x_exti.o
 .debug_abbrev  0x00000000000001cc      0x1ec ./system/src/stm32f3-stdperiph/stm32f30x_gpio.o
 .debug_abbrev  0x00000000000003b8      0x1c7 ./system/src/stm32f3-stdperiph/stm32f30x_i2c.o
 .debug_abbrev  0x000000000000057f      0x188 ./system/src/stm32f3-stdperiph/stm32f30x_misc.o
 .debug_abbrev  0x0000000000000707      0x228 ./system/src/stm32f3-stdperiph/stm32f30x_rcc.o
 .debug_abbrev  0x000000000000092f      0x1cd ./system/src/stm32f3-stdperiph/stm32f30x_syscfg.o
 .debug_abbrev  0x0000000000000afc       0xa4 ./system/src/newlib/_exit.o
 .debug_abbrev  0x0000000000000ba0       0xbb ./system/src/newlib/_sbrk.o
 .debug_abbrev  0x0000000000000c5b      0x211 ./system/src/newlib/_startup.o
 .debug_abbrev  0x0000000000000e6c       0xe7 ./system/src/newlib/_syscalls.o
 .debug_abbrev  0x0000000000000f53       0xc9 ./system/src/newlib/assert.o
 .debug_abbrev  0x000000000000101c      0x178 ./system/src/diag/Trace.o
 .debug_abbrev  0x0000000000001194      0x1a7 ./system/src/diag/trace_impl.o
 .debug_abbrev  0x000000000000133b       0x88 ./system/src/cortexm/_initialize_hardware.o
 .debug_abbrev  0x00000000000013c3      0x251 ./system/src/cortexm/exception_handlers.o
 .debug_abbrev  0x0000000000001614      0x13d ./system/src/cmsis/system_stm32f30x.o
 .debug_abbrev  0x0000000000001751       0x9d ./system/src/cmsis/vectors_stm32f30x.o
 .debug_abbrev  0x00000000000017ee       0xa4 ./src/common.o
 .debug_abbrev  0x0000000000001892      0x30f ./src/main.o
 .debug_abbrev  0x0000000000001ba1      0x132 ./src/stm32f30x_it.o
 .debug_abbrev  0x0000000000001cd3      0x1e1 ./src/stm32f3_discovery.o
 .debug_abbrev  0x0000000000001eb4      0x240 ./src/stm32f3_discovery_lsm303dlhc.o

.debug_line     0x0000000000000000     0x5f24
 *(.debug_line)
 .debug_line    0x0000000000000000      0x457 ./system/src/stm32f3-stdperiph/stm32f30x_exti.o
 .debug_line    0x0000000000000457      0x700 ./system/src/stm32f3-stdperiph/stm32f30x_gpio.o
 .debug_line    0x0000000000000b57      0xabe ./system/src/stm32f3-stdperiph/stm32f30x_i2c.o
 .debug_line    0x0000000000001615      0x3e4 ./system/src/stm32f3-stdperiph/stm32f30x_misc.o
 .debug_line    0x00000000000019f9      0xa16 ./system/src/stm32f3-stdperiph/stm32f30x_rcc.o
 .debug_line    0x000000000000240f      0x4f8 ./system/src/stm32f3-stdperiph/stm32f30x_syscfg.o
 .debug_line    0x0000000000002907      0x1fe ./system/src/newlib/_exit.o
 .debug_line    0x0000000000002b05      0x1a1 ./system/src/newlib/_sbrk.o
 .debug_line    0x0000000000002ca6      0x271 ./system/src/newlib/_startup.o
 .debug_line    0x0000000000002f17      0x2a6 ./system/src/newlib/_syscalls.o
 .debug_line    0x00000000000031bd      0x235 ./system/src/newlib/assert.o
 .debug_line    0x00000000000033f2      0x259 ./system/src/diag/Trace.o
 .debug_line    0x000000000000364b      0x4d6 ./system/src/diag/trace_impl.o
 .debug_line    0x0000000000003b21      0x33d ./system/src/cortexm/_initialize_hardware.o
 .debug_line    0x0000000000003e5e      0x5ab ./system/src/cortexm/exception_handlers.o
 .debug_line    0x0000000000004409      0x37e ./system/src/cmsis/system_stm32f30x.o
 .debug_line    0x0000000000004787       0xd4 ./system/src/cmsis/vectors_stm32f30x.o
 .debug_line    0x000000000000485b      0x47e ./src/common.o
 .debug_line    0x0000000000004cd9      0x55b ./src/main.o
 .debug_line    0x0000000000005234      0x424 ./src/stm32f30x_it.o
 .debug_line    0x0000000000005658      0x38f ./src/stm32f3_discovery.o
 .debug_line    0x00000000000059e7      0x53d ./src/stm32f3_discovery_lsm303dlhc.o

.debug_frame    0x0000000000000000     0x278c
 *(.debug_frame)
 .debug_frame   0x0000000000000000       0xc4 ./system/src/stm32f3-stdperiph/stm32f30x_exti.o
 .debug_frame   0x00000000000000c4      0x164 ./system/src/stm32f3-stdperiph/stm32f30x_gpio.o
 .debug_frame   0x0000000000000228      0x48c ./system/src/stm32f3-stdperiph/stm32f30x_i2c.o
 .debug_frame   0x00000000000006b4       0x90 ./system/src/stm32f3-stdperiph/stm32f30x_misc.o
 .debug_frame   0x0000000000000744      0x3cc ./system/src/stm32f3-stdperiph/stm32f30x_rcc.o
 .debug_frame   0x0000000000000b10      0x164 ./system/src/stm32f3-stdperiph/stm32f30x_syscfg.o
 .debug_frame   0x0000000000000c74       0x38 ./system/src/newlib/_exit.o
 .debug_frame   0x0000000000000cac       0x28 ./system/src/newlib/_sbrk.o
 .debug_frame   0x0000000000000cd4       0x7c ./system/src/newlib/_startup.o
 .debug_frame   0x0000000000000d50       0x50 ./system/src/newlib/_syscalls.o
 .debug_frame   0x0000000000000da0       0x40 ./system/src/newlib/assert.o
 .debug_frame   0x0000000000000de0       0x94 ./system/src/diag/Trace.o
 .debug_frame   0x0000000000000e74       0x5c ./system/src/diag/trace_impl.o
 .debug_frame   0x0000000000000ed0       0x40 ./system/src/cortexm/_initialize_hardware.o
 .debug_frame   0x0000000000000f10      0x164 ./system/src/cortexm/exception_handlers.o
 .debug_frame   0x0000000000001074       0x50 ./system/src/cmsis/system_stm32f30x.o
 .debug_frame   0x00000000000010c4       0x20 ./system/src/cmsis/vectors_stm32f30x.o
 .debug_frame   0x00000000000010e4       0x50 ./src/common.o
 .debug_frame   0x0000000000001134       0x9c ./src/main.o
 .debug_frame   0x00000000000011d0       0xa8 ./src/stm32f30x_it.o
 .debug_frame   0x0000000000001278       0x98 ./src/stm32f3_discovery.o
 .debug_frame   0x0000000000001310      0x22c ./src/stm32f3_discovery_lsm303dlhc.o
 .debug_frame   0x000000000000153c       0x20 /usr/bin/../lib/gcc/arm-none-eabi/4.9.3/../../../../arm-none-eabi/lib/armv7e-m/libg_nano.a(lib_a-errno.o)
 .debug_frame   0x000000000000155c       0x8c /usr/bin/../lib/gcc/arm-none-eabi/4.9.3/../../../../arm-none-eabi/lib/armv7e-m/libg_nano.a(lib_a-nano-vfprintf_float.o)
 .debug_frame   0x00000000000015e8       0x58 /usr/bin/../lib/gcc/arm-none-eabi/4.9.3/../../../../arm-none-eabi/lib/armv7e-m/libg_nano.a(lib_a-nano-vfprintf_i.o)
 .debug_frame   0x0000000000001640       0x40 /usr/bin/../lib/gcc/arm-none-eabi/4.9.3/../../../../arm-none-eabi/lib/armv7e-m/libg_nano.a(lib_a-nano-vfscanf_float.o)
 .debug_frame   0x0000000000001680       0x74 /usr/bin/../lib/gcc/arm-none-eabi/4.9.3/../../../../arm-none-eabi/lib/armv7e-m/libg_nano.a(lib_a-printf.o)
 .debug_frame   0x00000000000016f4       0x28 /usr/bin/../lib/gcc/arm-none-eabi/4.9.3/../../../../arm-none-eabi/lib/armv7e-m/libg_nano.a(lib_a-s_fpclassify.o)
 .debug_frame   0x000000000000171c       0x20 /usr/bin/../lib/gcc/arm-none-eabi/4.9.3/../../../../arm-none-eabi/lib/armv7e-m/libg_nano.a(lib_a-sf_nan.o)
 .debug_frame   0x000000000000173c       0x70 /usr/bin/../lib/gcc/arm-none-eabi/4.9.3/../../../../arm-none-eabi/lib/armv7e-m/libg_nano.a(lib_a-sprintf.o)
 .debug_frame   0x00000000000017ac       0x20 /usr/bin/../lib/gcc/arm-none-eabi/4.9.3/../../../../arm-none-eabi/lib/armv7e-m/libg_nano.a(lib_a-strlen.o)
 .debug_frame   0x00000000000017cc       0xb4 /usr/bin/../lib/gcc/arm-none-eabi/4.9.3/../../../../arm-none-eabi/lib/armv7e-m/libg_nano.a(lib_a-strtod.o)
 .debug_frame   0x0000000000001880       0x54 /usr/bin/../lib/gcc/arm-none-eabi/4.9.3/../../../../arm-none-eabi/lib/armv7e-m/libg_nano.a(lib_a-strtol.o)
 .debug_frame   0x00000000000018d4       0x50 /usr/bin/../lib/gcc/arm-none-eabi/4.9.3/../../../../arm-none-eabi/lib/armv7e-m/libg_nano.a(lib_a-vsnprintf.o)
 .debug_frame   0x0000000000001924       0x6c /usr/bin/../lib/gcc/arm-none-eabi/4.9.3/../../../../arm-none-eabi/lib/armv7e-m/libg_nano.a(lib_a-dtoa.o)
 .debug_frame   0x0000000000001990      0x11c /usr/bin/../lib/gcc/arm-none-eabi/4.9.3/../../../../arm-none-eabi/lib/armv7e-m/libg_nano.a(lib_a-findfp.o)
 .debug_frame   0x0000000000001aac       0x54 /usr/bin/../lib/gcc/arm-none-eabi/4.9.3/../../../../arm-none-eabi/lib/armv7e-m/libg_nano.a(lib_a-fwalk.o)
 .debug_frame   0x0000000000001b00       0x70 /usr/bin/../lib/gcc/arm-none-eabi/4.9.3/../../../../arm-none-eabi/lib/armv7e-m/libg_nano.a(lib_a-gdtoa-gethex.o)
 .debug_frame   0x0000000000001b70       0x58 /usr/bin/../lib/gcc/arm-none-eabi/4.9.3/../../../../arm-none-eabi/lib/armv7e-m/libg_nano.a(lib_a-gdtoa-hexnan.o)
 .debug_frame   0x0000000000001bc8       0x98 /usr/bin/../lib/gcc/arm-none-eabi/4.9.3/../../../../arm-none-eabi/lib/armv7e-m/libg_nano.a(lib_a-locale.o)
 .debug_frame   0x0000000000001c60       0x30 /usr/bin/../lib/gcc/arm-none-eabi/4.9.3/../../../../arm-none-eabi/lib/armv7e-m/libg_nano.a(lib_a-malloc.o)
 .debug_frame   0x0000000000001c90       0x28 /usr/bin/../lib/gcc/arm-none-eabi/4.9.3/../../../../arm-none-eabi/lib/armv7e-m/libg_nano.a(lib_a-memchr.o)
 .debug_frame   0x0000000000001cb8       0x28 /usr/bin/../lib/gcc/arm-none-eabi/4.9.3/../../../../arm-none-eabi/lib/armv7e-m/libg_nano.a(lib_a-memcpy.o)
 .debug_frame   0x0000000000001ce0       0x20 /usr/bin/../lib/gcc/arm-none-eabi/4.9.3/../../../../arm-none-eabi/lib/armv7e-m/libg_nano.a(lib_a-memset.o)
 .debug_frame   0x0000000000001d00      0x230 /usr/bin/../lib/gcc/arm-none-eabi/4.9.3/../../../../arm-none-eabi/lib/armv7e-m/libg_nano.a(lib_a-mprec.o)
 .debug_frame   0x0000000000001f30       0x2c /usr/bin/../lib/gcc/arm-none-eabi/4.9.3/../../../../arm-none-eabi/lib/armv7e-m/libg_nano.a(lib_a-nano-callocr.o)
 .debug_frame   0x0000000000001f5c       0x2c /usr/bin/../lib/gcc/arm-none-eabi/4.9.3/../../../../arm-none-eabi/lib/armv7e-m/libg_nano.a(lib_a-nano-freer.o)
 .debug_frame   0x0000000000001f88       0x2c /usr/bin/../lib/gcc/arm-none-eabi/4.9.3/../../../../arm-none-eabi/lib/armv7e-m/libg_nano.a(lib_a-nano-mallocr.o)
 .debug_frame   0x0000000000001fb4       0x8c /usr/bin/../lib/gcc/arm-none-eabi/4.9.3/../../../../arm-none-eabi/lib/armv7e-m/libg_nano.a(lib_a-nano-svfprintf.o)
 .debug_frame   0x0000000000002040       0xb8 /usr/bin/../lib/gcc/arm-none-eabi/4.9.3/../../../../arm-none-eabi/lib/armv7e-m/libg_nano.a(lib_a-nano-vfprintf.o)
 .debug_frame   0x00000000000020f8       0x2c /usr/bin/../lib/gcc/arm-none-eabi/4.9.3/../../../../arm-none-eabi/lib/armv7e-m/libg_nano.a(lib_a-sbrkr.o)
 .debug_frame   0x0000000000002124       0x88 /usr/bin/../lib/gcc/arm-none-eabi/4.9.3/../../../../arm-none-eabi/lib/armv7e-m/libg_nano.a(lib_a-stdio.o)
 .debug_frame   0x00000000000021ac       0x2c /usr/bin/../lib/gcc/arm-none-eabi/4.9.3/../../../../arm-none-eabi/lib/armv7e-m/libg_nano.a(lib_a-strncmp.o)
 .debug_frame   0x00000000000021d8       0x3c /usr/bin/../lib/gcc/arm-none-eabi/4.9.3/../../../../arm-none-eabi/lib/armv7e-m/libg_nano.a(lib_a-wbuf.o)
 .debug_frame   0x0000000000002214       0x2c /usr/bin/../lib/gcc/arm-none-eabi/4.9.3/../../../../arm-none-eabi/lib/armv7e-m/libg_nano.a(lib_a-writer.o)
 .debug_frame   0x0000000000002240       0x2c /usr/bin/../lib/gcc/arm-none-eabi/4.9.3/../../../../arm-none-eabi/lib/armv7e-m/libg_nano.a(lib_a-wsetup.o)
 .debug_frame   0x000000000000226c       0x2c /usr/bin/../lib/gcc/arm-none-eabi/4.9.3/../../../../arm-none-eabi/lib/armv7e-m/libg_nano.a(lib_a-closer.o)
 .debug_frame   0x0000000000002298       0x68 /usr/bin/../lib/gcc/arm-none-eabi/4.9.3/../../../../arm-none-eabi/lib/armv7e-m/libg_nano.a(lib_a-fflush.o)
 .debug_frame   0x0000000000002300       0x2c /usr/bin/../lib/gcc/arm-none-eabi/4.9.3/../../../../arm-none-eabi/lib/armv7e-m/libg_nano.a(lib_a-lseekr.o)
 .debug_frame   0x000000000000232c       0x34 /usr/bin/../lib/gcc/arm-none-eabi/4.9.3/../../../../arm-none-eabi/lib/armv7e-m/libg_nano.a(lib_a-makebuf.o)
 .debug_frame   0x0000000000002360       0x28 /usr/bin/../lib/gcc/arm-none-eabi/4.9.3/../../../../arm-none-eabi/lib/armv7e-m/libg_nano.a(lib_a-memmove.o)
 .debug_frame   0x0000000000002388       0x3c /usr/bin/../lib/gcc/arm-none-eabi/4.9.3/../../../../arm-none-eabi/lib/armv7e-m/libg_nano.a(lib_a-nano-reallocr.o)
 .debug_frame   0x00000000000023c4       0x2c /usr/bin/../lib/gcc/arm-none-eabi/4.9.3/../../../../arm-none-eabi/lib/armv7e-m/libg_nano.a(lib_a-readr.o)
 .debug_frame   0x00000000000023f0       0x2c /usr/bin/../lib/gcc/arm-none-eabi/4.9.3/../../../../arm-none-eabi/lib/armv7e-m/libg_nano.a(lib_a-fstatr.o)
 .debug_frame   0x000000000000241c       0x2c /usr/bin/../lib/gcc/arm-none-eabi/4.9.3/../../../../arm-none-eabi/lib/armv7e-m/libg_nano.a(lib_a-isattyr.o)
 .debug_frame   0x0000000000002448       0x20 /usr/bin/../lib/gcc/arm-none-eabi/4.9.3/../../../../arm-none-eabi/lib/armv7e-m/libg_nano.a(lib_a-nano-msizer.o)
 .debug_frame   0x0000000000002468      0x324 /usr/bin/../lib/gcc/arm-none-eabi/4.9.3/../../../../arm-none-eabi/lib/armv7e-m/librdimon_nano.a(rdimon-syscalls.o)

.debug_str      0x0000000000000000    0x5f49c
 *(.debug_str)
 .debug_str     0x0000000000000000    0x5345c ./system/src/stm32f3-stdperiph/stm32f30x_exti.o
                                      0x535f2 (size before relaxing)
 .debug_str     0x000000000005345c      0x2d8 ./system/src/stm32f3-stdperiph/stm32f30x_gpio.o
                                      0x536f8 (size before relaxing)
 .debug_str     0x0000000000053734      0x54a ./system/src/stm32f3-stdperiph/stm32f30x_i2c.o
                                      0x53953 (size before relaxing)
 .debug_str     0x0000000000053c7e      0x250 ./system/src/stm32f3-stdperiph/stm32f30x_misc.o
                                      0x53636 (size before relaxing)
 .debug_str     0x0000000000053ece      0xa3b ./system/src/stm32f3-stdperiph/stm32f30x_rcc.o
                                      0x53e86 (size before relaxing)
 .debug_str     0x0000000000054909      0x3d2 ./system/src/stm32f3-stdperiph/stm32f30x_syscfg.o
                                      0x537b6 (size before relaxing)
 .debug_str     0x0000000000054cdb     0x37e6 ./system/src/newlib/_exit.o
                                       0x5e66 (size before relaxing)
 .debug_str     0x00000000000584c1      0x4de ./system/src/newlib/_sbrk.o
                                       0x45d8 (size before relaxing)
 .debug_str     0x000000000005899f      0x2d7 ./system/src/newlib/_startup.o
                                       0x4216 (size before relaxing)
 .debug_str     0x0000000000058c76     0x1174 ./system/src/newlib/_syscalls.o
                                       0x65d2 (size before relaxing)
 .debug_str     0x0000000000059dea       0xdf ./system/src/newlib/assert.o
                                       0x696f (size before relaxing)
 .debug_str     0x0000000000059ec9      0x9bc ./system/src/diag/Trace.o
                                       0x6787 (size before relaxing)
 .debug_str     0x000000000005a885      0x35c ./system/src/diag/trace_impl.o
                                      0x56296 (size before relaxing)
 .debug_str     0x000000000005abe1       0x4e ./system/src/cortexm/_initialize_hardware.o
                                      0x53415 (size before relaxing)
 .debug_str     0x000000000005ac2f      0x1e7 ./system/src/cortexm/exception_handlers.o
                                      0x5708f (size before relaxing)
 .debug_str     0x000000000005ae16       0x7b ./system/src/cmsis/system_stm32f30x.o
                                      0x53535 (size before relaxing)
 .debug_str     0x000000000005ae91       0x57 ./system/src/cmsis/vectors_stm32f30x.o
                                       0x306a (size before relaxing)
 .debug_str     0x000000000005aee8     0x3965 ./src/common.o
                                      0x5844d (size before relaxing)
 .debug_str     0x000000000005e84d      0x7e8 ./src/main.o
                                      0x590c1 (size before relaxing)
 .debug_str     0x000000000005f035       0x69 ./src/stm32f30x_it.o
                                      0x56413 (size before relaxing)
 .debug_str     0x000000000005f09e      0x112 ./src/stm32f3_discovery.o